/home/andrew/miniconda3/envs/tf_noavx/lib/python3.9/site-packages/bs4/css.py:40: UserWarning: The soupsieve package is not installed. CSS selectors cannot be used.
  warnings.warn(
17:00:07 - --- Starting Grand Unified Data Ingestion ---
17:00:07 - Fetching Physics Engine Inputs (Job Losers, Income, Hours)...
17:00:36 - Fetching US Core Macro...
17:02:12 - Fetching Global Policy Inputs...
17:02:55 - Fetching Market Internals...
17:03:32 - 💾 Saved fresh data to local cache.
17:03:32 - Initializing Continuous Cole Pulse Physics Engine...
17:03:32 - Running Multivariate LSTM Forecast (CPU Execution)...
17:03:32 - Loaded cached LSTM weights.
17:03:34 - Generating Grand Unified Dashboard (Macro + Physics + 3D)...
17:03:41 - Chromium init'ed with kwargs {}
17:03:41 - Found chromium path: /home/andrew/miniconda3/envs/tf_noavx/lib/python3.9/site-packages/choreographer/cli/browser_exe/chrome-linux64/chrome
17:03:41 - Temp directory created: /tmp/tmpmebwt82j.
17:03:41 - Opening browser.
17:03:41 - Temp directory created: /tmp/tmpmlw7vijh.
17:03:41 - Temporary directory at: /tmp/tmpmlw7vijh
17:03:44 - Closing browser.
17:03:44 - Closing browser.
17:03:44 - TemporaryDirectory.cleanup() worked.
17:03:44 - shutil.rmtree worked.
17:03:45 - TemporaryDirectory.cleanup() worked.
17:03:45 - shutil.rmtree worked.
17:03:45 - TemporaryDirectory.cleanup() worked.
17:03:45 - shutil.rmtree worked.
17:03:45 - Chromium init'ed with kwargs {}
17:03:45 - Found chromium path: /home/andrew/miniconda3/envs/tf_noavx/lib/python3.9/site-packages/choreographer/cli/browser_exe/chrome-linux64/chrome
17:03:45 - Temp directory created: /tmp/tmp67x8vv0e.
17:03:45 - Opening browser.
17:03:45 - Temp directory created: /tmp/tmp_rxca3a6.
17:03:45 - Temporary directory at: /tmp/tmp_rxca3a6
17:03:50 - Closing browser.
17:03:50 - Closing browser.
17:03:50 - TemporaryDirectory.cleanup() worked.
17:03:50 - shutil.rmtree worked.
17:03:50 - TemporaryDirectory.cleanup() worked.
17:03:50 - shutil.rmtree worked.
17:03:50 - TemporaryDirectory.cleanup() worked.
17:03:50 - shutil.rmtree worked.
17:03:50 - Chromium init'ed with kwargs {}
17:03:50 - Found chromium path: /home/andrew/miniconda3/envs/tf_noavx/lib/python3.9/site-packages/choreographer/cli/browser_exe/chrome-linux64/chrome
17:03:50 - Temp directory created: /tmp/tmp1e36yel0.
17:03:50 - Opening browser.
17:03:50 - Temp directory created: /tmp/tmpxts524hb.
17:03:50 - Temporary directory at: /tmp/tmpxts524hb
17:03:56 - Closing browser.
17:03:56 - Closing browser.
17:03:56 - TemporaryDirectory.cleanup() worked.
17:03:56 - shutil.rmtree worked.
17:03:56 - TemporaryDirectory.cleanup() worked.
17:03:56 - shutil.rmtree worked.
17:03:56 - TemporaryDirectory.cleanup() worked.
17:03:56 - shutil.rmtree worked.
17:03:56 - ✅ Saved high-res static PNGs for Substack export.
17:03:56 - Saved AQI_Unified.html and standalone AQI_3d_physics_model.html
17:03:56 - Generating Two-Tiered Substack Briefing (Free vs Paid)...
17:03:56 - TemporaryDirectory.cleanup() worked.
17:03:56 - shutil.rmtree worked.
17:03:56 - TemporaryDirectory.cleanup() worked.
17:03:56 - shutil.rmtree worked.
17:03:56 - TemporaryDirectory.cleanup() worked.
17:03:56 - shutil.rmtree worked.
17:04:20 - ✅ Substack Draft generated: /home/andrew/.ssh/Trading/AQI_Genesis/Substack_Draft_20260910.md
17:04:20 - 💾 Pushing live data matrix to SaaS Database (Streamlit backend)...
17:04:20 - ✅ SaaS Database updated. The AQI Genesis Streamlit Terminal is now live.
17:04:42 - ✅ Briefing Sent Successfully.
