/home/andrew/miniconda3/envs/tf_noavx/lib/python3.9/site-packages/bs4/css.py:40: UserWarning: The soupsieve package is not installed. CSS selectors cannot be used.
  warnings.warn(
17:00:07 - --- Starting Grand Unified Data Ingestion ---
17:00:07 - Fetching Physics Engine Inputs (Job Losers, Income, Hours)...
17:00:41 - Fetching US Core Macro...
17:02:06 - Fetching Global Policy Inputs...
17:03:36 - Fetching Market Internals...
17:04:16 - 💾 Saved fresh data to local cache.
17:04:16 - Initializing Continuous Cole Pulse Physics Engine...
17:04:16 - Running Multivariate LSTM Forecast (CPU Execution)...
17:04:17 - Loaded cached LSTM weights.
17:04:18 - Generating Grand Unified Dashboard (Macro + Physics + 3D)...
17:04:25 - Chromium init'ed with kwargs {}
17:04:25 - Found chromium path: /home/andrew/miniconda3/envs/tf_noavx/lib/python3.9/site-packages/choreographer/cli/browser_exe/chrome-linux64/chrome
17:04:25 - Temp directory created: /tmp/tmp15o3wyek.
17:04:25 - Opening browser.
17:04:25 - Temp directory created: /tmp/tmpha7x7lmd.
17:04:25 - Temporary directory at: /tmp/tmpha7x7lmd
17:04:28 - Closing browser.
17:04:28 - Closing browser.
17:04:28 - TemporaryDirectory.cleanup() worked.
17:04:28 - shutil.rmtree worked.
17:04:28 - TemporaryDirectory.cleanup() worked.
17:04:29 - shutil.rmtree worked.
17:04:29 - TemporaryDirectory.cleanup() worked.
17:04:29 - shutil.rmtree worked.
17:04:29 - Chromium init'ed with kwargs {}
17:04:29 - Found chromium path: /home/andrew/miniconda3/envs/tf_noavx/lib/python3.9/site-packages/choreographer/cli/browser_exe/chrome-linux64/chrome
17:04:29 - Temp directory created: /tmp/tmpgtqnn5j5.
17:04:29 - Opening browser.
17:04:29 - Temp directory created: /tmp/tmpov0wmt2h.
17:04:29 - Temporary directory at: /tmp/tmpov0wmt2h
17:04:33 - Closing browser.
17:04:33 - Closing browser.
17:04:33 - TemporaryDirectory.cleanup() worked.
17:04:33 - shutil.rmtree worked.
17:04:33 - TemporaryDirectory.cleanup() worked.
17:04:33 - shutil.rmtree worked.
17:04:33 - TemporaryDirectory.cleanup() worked.
17:04:33 - shutil.rmtree worked.
17:04:33 - Chromium init'ed with kwargs {}
17:04:33 - Found chromium path: /home/andrew/miniconda3/envs/tf_noavx/lib/python3.9/site-packages/choreographer/cli/browser_exe/chrome-linux64/chrome
17:04:33 - Temp directory created: /tmp/tmpj7riw18y.
17:04:33 - Opening browser.
17:04:33 - Temp directory created: /tmp/tmpd18tofig.
17:04:33 - Temporary directory at: /tmp/tmpd18tofig
17:04:37 - Closing browser.
17:04:37 - Closing browser.
17:04:37 - TemporaryDirectory.cleanup() worked.
17:04:37 - shutil.rmtree worked.
17:04:37 - TemporaryDirectory.cleanup() worked.
17:04:37 - shutil.rmtree worked.
17:04:37 - TemporaryDirectory.cleanup() worked.
17:04:37 - shutil.rmtree worked.
17:04:37 - ✅ Saved high-res static PNGs for Substack export.
17:04:37 - Saved AQI_Unified.html and standalone AQI_3d_physics_model.html
17:04:37 - Generating Two-Tiered Substack Briefing (Free vs Paid)...
17:04:37 - TemporaryDirectory.cleanup() worked.
17:04:37 - shutil.rmtree worked.
17:04:37 - TemporaryDirectory.cleanup() worked.
17:04:37 - shutil.rmtree worked.
17:04:37 - TemporaryDirectory.cleanup() worked.
17:04:37 - shutil.rmtree worked.
17:05:02 - ✅ Substack Draft generated: /home/andrew/.ssh/Trading/AQI_Genesis/Substack_Draft_20260930.md
17:05:02 - 💾 Pushing live data matrix to SaaS Database (Streamlit backend)...
17:05:03 - ✅ SaaS Database updated. The AQI Genesis Streamlit Terminal is now live.
17:05:15 - ✅ Briefing Sent Successfully.
