/home/andrew/miniconda3/envs/tf_noavx/lib/python3.9/site-packages/bs4/css.py:40: UserWarning: The soupsieve package is not installed. CSS selectors cannot be used.
  warnings.warn(
17:00:06 - --- Starting Grand Unified Data Ingestion ---
17:00:06 - Fetching Physics Engine Inputs (Job Losers, Income, Hours)...
17:00:22 - Fetching US Core Macro...
17:00:56 - Fetching Global Policy Inputs...
17:01:46 - Fetching Market Internals...
17:02:25 - 💾 Saved fresh data to local cache.
17:02:25 - Initializing Continuous Cole Pulse Physics Engine...
17:02:25 - Running Multivariate LSTM Forecast (CPU Execution)...
17:02:25 - Training LSTM from scratch (This may take a moment)...
17:02:49 - Saved new LSTM weights to cache.
17:02:50 - Generating Grand Unified Dashboard (Macro + Physics + 3D)...
17:02:57 - Chromium init'ed with kwargs {}
17:02:57 - Found chromium path: /home/andrew/miniconda3/envs/tf_noavx/lib/python3.9/site-packages/choreographer/cli/browser_exe/chrome-linux64/chrome
17:02:57 - Temp directory created: /tmp/tmpwyu8_q13.
17:02:57 - Opening browser.
17:02:57 - Temp directory created: /tmp/tmppobcqyxo.
17:02:57 - Temporary directory at: /tmp/tmppobcqyxo
17:03:00 - Closing browser.
17:03:00 - Closing browser.
17:03:00 - TemporaryDirectory.cleanup() worked.
17:03:00 - shutil.rmtree worked.
17:03:00 - TemporaryDirectory.cleanup() worked.
17:03:00 - shutil.rmtree worked.
17:03:00 - TemporaryDirectory.cleanup() worked.
17:03:00 - shutil.rmtree worked.
17:03:00 - Chromium init'ed with kwargs {}
17:03:00 - Found chromium path: /home/andrew/miniconda3/envs/tf_noavx/lib/python3.9/site-packages/choreographer/cli/browser_exe/chrome-linux64/chrome
17:03:00 - Temp directory created: /tmp/tmp3okxj3a4.
17:03:00 - Opening browser.
17:03:00 - Temp directory created: /tmp/tmpdcygef09.
17:03:00 - Temporary directory at: /tmp/tmpdcygef09
17:03:04 - Closing browser.
17:03:04 - Closing browser.
17:03:04 - TemporaryDirectory.cleanup() worked.
17:03:04 - shutil.rmtree worked.
17:03:04 - TemporaryDirectory.cleanup() worked.
17:03:04 - shutil.rmtree worked.
17:03:04 - TemporaryDirectory.cleanup() worked.
17:03:04 - shutil.rmtree worked.
17:03:04 - Chromium init'ed with kwargs {}
17:03:04 - Found chromium path: /home/andrew/miniconda3/envs/tf_noavx/lib/python3.9/site-packages/choreographer/cli/browser_exe/chrome-linux64/chrome
17:03:04 - Temp directory created: /tmp/tmphtiz2hlu.
17:03:04 - Opening browser.
17:03:04 - Temp directory created: /tmp/tmpqrj486yv.
17:03:04 - Temporary directory at: /tmp/tmpqrj486yv
17:03:08 - Closing browser.
17:03:08 - Closing browser.
17:03:08 - TemporaryDirectory.cleanup() worked.
17:03:08 - shutil.rmtree worked.
17:03:09 - TemporaryDirectory.cleanup() worked.
17:03:09 - shutil.rmtree worked.
17:03:09 - TemporaryDirectory.cleanup() worked.
17:03:09 - shutil.rmtree worked.
17:03:09 - ✅ Saved high-res static PNGs for Substack export.
17:03:09 - Saved AQI_Unified.html and standalone AQI_3d_physics_model.html
17:03:09 - Generating Two-Tiered Substack Briefing (Free vs Paid)...
17:03:32 - ✅ Substack Draft generated: /home/andrew/.ssh/Trading/AQI_Genesis/Substack_Draft_20261006.md
17:03:32 - 💾 Pushing live data matrix to SaaS Database (Streamlit backend)...
17:03:32 - TemporaryDirectory.cleanup() worked.
17:03:32 - shutil.rmtree worked.
17:03:32 - TemporaryDirectory.cleanup() worked.
17:03:32 - shutil.rmtree worked.
17:03:32 - TemporaryDirectory.cleanup() worked.
17:03:32 - shutil.rmtree worked.
17:03:32 - ✅ SaaS Database updated. The AQI Genesis Streamlit Terminal is now live.
17:03:50 - ✅ Briefing Sent Successfully.
