/home/andrew/miniconda3/envs/tf_noavx/lib/python3.9/site-packages/bs4/css.py:40: UserWarning: The soupsieve package is not installed. CSS selectors cannot be used.
  warnings.warn(
17:00:10 - --- Starting Grand Unified Data Ingestion ---
17:00:10 - Fetching Physics Engine Inputs (Job Losers, Income, Hours)...
17:00:33 - Fetching US Core Macro...
17:01:29 - Fetching Global Policy Inputs...
17:02:21 - Fetching Market Internals...
17:02:57 - 💾 Saved fresh data to local cache.
17:02:57 - Initializing Continuous Cole Pulse Physics Engine...
17:02:57 - Running Multivariate LSTM Forecast (CPU Execution)...
17:02:57 - Training LSTM from scratch (This may take a moment)...
17:03:21 - Saved new LSTM weights to cache.
17:03:22 - Generating Grand Unified Dashboard (Macro + Physics + 3D)...
17:03:29 - Chromium init'ed with kwargs {}
17:03:29 - Found chromium path: /home/andrew/miniconda3/envs/tf_noavx/lib/python3.9/site-packages/choreographer/cli/browser_exe/chrome-linux64/chrome
17:03:29 - Temp directory created: /tmp/tmp3htyklmz.
17:03:29 - Opening browser.
17:03:29 - Temp directory created: /tmp/tmpp0c3cvgd.
17:03:29 - Temporary directory at: /tmp/tmpp0c3cvgd
17:03:33 - Closing browser.
17:03:33 - Closing browser.
17:03:33 - TemporaryDirectory.cleanup() worked.
17:03:33 - shutil.rmtree worked.
17:03:33 - TemporaryDirectory.cleanup() worked.
17:03:33 - shutil.rmtree worked.
17:03:33 - TemporaryDirectory.cleanup() worked.
17:03:33 - shutil.rmtree worked.
17:03:33 - Chromium init'ed with kwargs {}
17:03:33 - Found chromium path: /home/andrew/miniconda3/envs/tf_noavx/lib/python3.9/site-packages/choreographer/cli/browser_exe/chrome-linux64/chrome
17:03:33 - Temp directory created: /tmp/tmp7budu1t8.
17:03:33 - Opening browser.
17:03:33 - Temp directory created: /tmp/tmp90sy81k_.
17:03:33 - Temporary directory at: /tmp/tmp90sy81k_
17:03:37 - Closing browser.
17:03:37 - Closing browser.
17:03:37 - TemporaryDirectory.cleanup() worked.
17:03:37 - shutil.rmtree worked.
17:03:37 - TemporaryDirectory.cleanup() worked.
17:03:37 - shutil.rmtree worked.
17:03:37 - TemporaryDirectory.cleanup() worked.
17:03:37 - shutil.rmtree worked.
17:03:37 - Chromium init'ed with kwargs {}
17:03:37 - Found chromium path: /home/andrew/miniconda3/envs/tf_noavx/lib/python3.9/site-packages/choreographer/cli/browser_exe/chrome-linux64/chrome
17:03:37 - Temp directory created: /tmp/tmpg1isqxgw.
17:03:37 - Opening browser.
17:03:37 - Temp directory created: /tmp/tmpmhrezkea.
17:03:37 - Temporary directory at: /tmp/tmpmhrezkea
17:03:42 - Closing browser.
17:03:42 - Closing browser.
17:03:42 - TemporaryDirectory.cleanup() worked.
17:03:42 - shutil.rmtree worked.
17:03:42 - TemporaryDirectory.cleanup() worked.
17:03:42 - shutil.rmtree worked.
17:03:42 - TemporaryDirectory.cleanup() worked.
17:03:42 - shutil.rmtree worked.
17:03:42 - ✅ Saved high-res static PNGs for Substack export.
17:03:42 - Saved AQI_Unified.html and standalone AQI_3d_physics_model.html
17:03:42 - Generating Two-Tiered Substack Briefing (Free vs Paid)...
17:04:07 - ✅ Substack Draft generated: /home/andrew/.ssh/Trading/AQI_Genesis/Substack_Draft_20260920.md
17:04:07 - 💾 Pushing live data matrix to SaaS Database (Streamlit backend)...
17:04:07 - TemporaryDirectory.cleanup() worked.
17:04:07 - shutil.rmtree worked.
17:04:07 - TemporaryDirectory.cleanup() worked.
17:04:07 - shutil.rmtree worked.
17:04:07 - TemporaryDirectory.cleanup() worked.
17:04:07 - shutil.rmtree worked.
17:04:07 - ✅ SaaS Database updated. The AQI Genesis Streamlit Terminal is now live.
17:04:20 - ✅ Briefing Sent Successfully.
