/home/andrew/miniconda3/envs/tf_noavx/lib/python3.9/site-packages/bs4/css.py:40: UserWarning: The soupsieve package is not installed. CSS selectors cannot be used.
  warnings.warn(
17:00:07 - --- Starting Grand Unified Data Ingestion ---
17:00:07 - Fetching Physics Engine Inputs (Job Losers, Income, Hours)...
17:00:18 - Fetching US Core Macro...
17:00:47 - Fetching Global Policy Inputs...
17:01:26 - Fetching Market Internals...
17:02:02 - 💾 Saved fresh data to local cache.
17:02:02 - Initializing Continuous Cole Pulse Physics Engine...
17:02:02 - Running Multivariate LSTM Forecast (CPU Execution)...
17:02:03 - Loaded cached LSTM weights.
17:02:05 - Generating Grand Unified Dashboard (Macro + Physics + 3D)...
17:02:11 - Chromium init'ed with kwargs {}
17:02:11 - Found chromium path: /home/andrew/miniconda3/envs/tf_noavx/lib/python3.9/site-packages/choreographer/cli/browser_exe/chrome-linux64/chrome
17:02:11 - Temp directory created: /tmp/tmpxq00mdus.
17:02:11 - Opening browser.
17:02:11 - Temp directory created: /tmp/tmp37rn4wq4.
17:02:11 - Temporary directory at: /tmp/tmp37rn4wq4
17:02:14 - Closing browser.
17:02:14 - Closing browser.
17:02:14 - TemporaryDirectory.cleanup() worked.
17:02:14 - shutil.rmtree worked.
17:02:14 - TemporaryDirectory.cleanup() worked.
17:02:14 - shutil.rmtree worked.
17:02:14 - TemporaryDirectory.cleanup() worked.
17:02:14 - shutil.rmtree worked.
17:02:14 - Chromium init'ed with kwargs {}
17:02:14 - Found chromium path: /home/andrew/miniconda3/envs/tf_noavx/lib/python3.9/site-packages/choreographer/cli/browser_exe/chrome-linux64/chrome
17:02:14 - Temp directory created: /tmp/tmp8wag5h4u.
17:02:14 - Opening browser.
17:02:14 - Temp directory created: /tmp/tmptyxudkst.
17:02:15 - Temporary directory at: /tmp/tmptyxudkst
17:02:18 - Closing browser.
17:02:18 - Closing browser.
17:02:18 - TemporaryDirectory.cleanup() worked.
17:02:18 - shutil.rmtree worked.
17:02:19 - TemporaryDirectory.cleanup() worked.
17:02:19 - shutil.rmtree worked.
17:02:19 - TemporaryDirectory.cleanup() worked.
17:02:19 - shutil.rmtree worked.
17:02:19 - Chromium init'ed with kwargs {}
17:02:19 - Found chromium path: /home/andrew/miniconda3/envs/tf_noavx/lib/python3.9/site-packages/choreographer/cli/browser_exe/chrome-linux64/chrome
17:02:19 - Temp directory created: /tmp/tmpkf_y9cax.
17:02:19 - Opening browser.
17:02:19 - Temp directory created: /tmp/tmpcbhz7_h3.
17:02:19 - Temporary directory at: /tmp/tmpcbhz7_h3
17:02:23 - Closing browser.
17:02:23 - Closing browser.
17:02:23 - TemporaryDirectory.cleanup() worked.
17:02:23 - shutil.rmtree worked.
17:02:23 - TemporaryDirectory.cleanup() worked.
17:02:23 - shutil.rmtree worked.
17:02:23 - TemporaryDirectory.cleanup() worked.
17:02:23 - shutil.rmtree worked.
17:02:23 - ✅ Saved high-res static PNGs for Substack export.
17:02:23 - Saved AQI_Unified.html and standalone AQI_3d_physics_model.html
17:02:23 - Generating Two-Tiered Substack Briefing (Free vs Paid)...
17:02:46 - ✅ Substack Draft generated: /home/andrew/.ssh/Trading/AQI_Genesis/Substack_Draft_20260914.md
17:02:46 - 💾 Pushing live data matrix to SaaS Database (Streamlit backend)...
17:02:46 - TemporaryDirectory.cleanup() worked.
17:02:46 - shutil.rmtree worked.
17:02:46 - TemporaryDirectory.cleanup() worked.
17:02:46 - shutil.rmtree worked.
17:02:46 - TemporaryDirectory.cleanup() worked.
17:02:46 - shutil.rmtree worked.
17:02:46 - ✅ SaaS Database updated. The AQI Genesis Streamlit Terminal is now live.
17:03:07 - ✅ Briefing Sent Successfully.
