/home/andrew/miniconda3/envs/tf_noavx/lib/python3.9/site-packages/bs4/css.py:40: UserWarning: The soupsieve package is not installed. CSS selectors cannot be used.
  warnings.warn(
17:00:10 - --- Starting Grand Unified Data Ingestion ---
17:00:10 - Fetching Physics Engine Inputs (Job Losers, Income, Hours)...
17:00:34 - Fetching US Core Macro...
17:01:39 - Fetching Global Policy Inputs...
17:02:32 - Fetching Market Internals...
17:03:10 - 💾 Saved fresh data to local cache.
17:03:10 - Initializing Continuous Cole Pulse Physics Engine...
17:03:10 - Running Multivariate LSTM Forecast (CPU Execution)...
17:03:10 - Loaded cached LSTM weights.
17:03:12 - Generating Grand Unified Dashboard (Macro + Physics + 3D)...
17:03:18 - Chromium init'ed with kwargs {}
17:03:18 - Found chromium path: /home/andrew/miniconda3/envs/tf_noavx/lib/python3.9/site-packages/choreographer/cli/browser_exe/chrome-linux64/chrome
17:03:18 - Temp directory created: /tmp/tmpbxfr52cw.
17:03:18 - Opening browser.
17:03:18 - Temp directory created: /tmp/tmp_bl9cwu0.
17:03:18 - Temporary directory at: /tmp/tmp_bl9cwu0
17:03:22 - Closing browser.
17:03:22 - Closing browser.
17:03:22 - TemporaryDirectory.cleanup() worked.
17:03:22 - shutil.rmtree worked.
17:03:22 - TemporaryDirectory.cleanup() worked.
17:03:22 - shutil.rmtree worked.
17:03:22 - TemporaryDirectory.cleanup() worked.
17:03:22 - shutil.rmtree worked.
17:03:22 - Chromium init'ed with kwargs {}
17:03:22 - Found chromium path: /home/andrew/miniconda3/envs/tf_noavx/lib/python3.9/site-packages/choreographer/cli/browser_exe/chrome-linux64/chrome
17:03:22 - Temp directory created: /tmp/tmpvbf04f1z.
17:03:22 - Opening browser.
17:03:22 - Temp directory created: /tmp/tmprt30ps6s.
17:03:22 - Temporary directory at: /tmp/tmprt30ps6s
17:03:26 - Closing browser.
17:03:26 - Closing browser.
17:03:26 - TemporaryDirectory.cleanup() worked.
17:03:26 - shutil.rmtree worked.
17:03:26 - TemporaryDirectory.cleanup() worked.
17:03:26 - shutil.rmtree worked.
17:03:26 - TemporaryDirectory.cleanup() worked.
17:03:26 - shutil.rmtree worked.
17:03:26 - Chromium init'ed with kwargs {}
17:03:26 - Found chromium path: /home/andrew/miniconda3/envs/tf_noavx/lib/python3.9/site-packages/choreographer/cli/browser_exe/chrome-linux64/chrome
17:03:26 - Temp directory created: /tmp/tmpdd1v32jt.
17:03:26 - Opening browser.
17:03:26 - Temp directory created: /tmp/tmp98135xv0.
17:03:26 - Temporary directory at: /tmp/tmp98135xv0
17:03:31 - Closing browser.
17:03:31 - Closing browser.
17:03:31 - TemporaryDirectory.cleanup() worked.
17:03:31 - shutil.rmtree worked.
17:03:31 - TemporaryDirectory.cleanup() worked.
17:03:31 - shutil.rmtree worked.
17:03:31 - TemporaryDirectory.cleanup() worked.
17:03:31 - shutil.rmtree worked.
17:03:31 - ✅ Saved high-res static PNGs for Substack export.
17:03:31 - Saved AQI_Unified.html and standalone AQI_3d_physics_model.html
17:03:31 - Generating Two-Tiered Substack Briefing (Free vs Paid)...
17:03:52 - ✅ Substack Draft generated: /home/andrew/.ssh/Trading/AQI_Genesis/Substack_Draft_20260912.md
17:03:52 - 💾 Pushing live data matrix to SaaS Database (Streamlit backend)...
17:03:52 - TemporaryDirectory.cleanup() worked.
17:03:52 - shutil.rmtree worked.
17:03:52 - TemporaryDirectory.cleanup() worked.
17:03:52 - shutil.rmtree worked.
17:03:52 - TemporaryDirectory.cleanup() worked.
17:03:52 - shutil.rmtree worked.
17:03:52 - ✅ SaaS Database updated. The AQI Genesis Streamlit Terminal is now live.
17:04:13 - ✅ Briefing Sent Successfully.
