/home/andrew/miniconda3/envs/tf_noavx/lib/python3.9/site-packages/bs4/css.py:40: UserWarning: The soupsieve package is not installed. CSS selectors cannot be used.
  warnings.warn(
17:00:06 - --- Starting Grand Unified Data Ingestion ---
17:00:06 - Fetching Physics Engine Inputs (Job Losers, Income, Hours)...
17:00:41 - Fetching US Core Macro...
17:02:12 - Fetching Global Policy Inputs...
17:02:22 - ❌ FRED API Failed (None). Attempting to load from local cache...
17:02:22 - ♻️ Loading data from local cache.
17:02:22 - Initializing Continuous Cole Pulse Physics Engine...
17:02:22 - Running Multivariate LSTM Forecast (CPU Execution)...
17:02:23 - Loaded cached LSTM weights.
17:02:25 - Generating Grand Unified Dashboard (Macro + Physics + 3D)...
17:02:31 - Chromium init'ed with kwargs {}
17:02:31 - Found chromium path: /home/andrew/miniconda3/envs/tf_noavx/lib/python3.9/site-packages/choreographer/cli/browser_exe/chrome-linux64/chrome
17:02:31 - Temp directory created: /tmp/tmpaii7k5gi.
17:02:31 - Opening browser.
17:02:31 - Temp directory created: /tmp/tmpcrry9ecu.
17:02:31 - Temporary directory at: /tmp/tmpcrry9ecu
17:02:35 - Closing browser.
17:02:35 - Closing browser.
17:02:35 - TemporaryDirectory.cleanup() worked.
17:02:35 - shutil.rmtree worked.
17:02:35 - TemporaryDirectory.cleanup() worked.
17:02:35 - shutil.rmtree worked.
17:02:35 - TemporaryDirectory.cleanup() worked.
17:02:35 - shutil.rmtree worked.
17:02:35 - Chromium init'ed with kwargs {}
17:02:35 - Found chromium path: /home/andrew/miniconda3/envs/tf_noavx/lib/python3.9/site-packages/choreographer/cli/browser_exe/chrome-linux64/chrome
17:02:35 - Temp directory created: /tmp/tmpijlfycr7.
17:02:35 - Opening browser.
17:02:35 - Temp directory created: /tmp/tmpg7scp6ya.
17:02:35 - Temporary directory at: /tmp/tmpg7scp6ya
17:02:39 - Closing browser.
17:02:39 - Closing browser.
17:02:39 - TemporaryDirectory.cleanup() worked.
17:02:39 - shutil.rmtree worked.
17:02:39 - TemporaryDirectory.cleanup() worked.
17:02:39 - shutil.rmtree worked.
17:02:39 - TemporaryDirectory.cleanup() worked.
17:02:39 - shutil.rmtree worked.
17:02:39 - Chromium init'ed with kwargs {}
17:02:39 - Found chromium path: /home/andrew/miniconda3/envs/tf_noavx/lib/python3.9/site-packages/choreographer/cli/browser_exe/chrome-linux64/chrome
17:02:39 - Temp directory created: /tmp/tmp5m4aof_u.
17:02:39 - Opening browser.
17:02:39 - Temp directory created: /tmp/tmpwevw0do3.
17:02:39 - Temporary directory at: /tmp/tmpwevw0do3
17:02:43 - Closing browser.
17:02:43 - Closing browser.
17:02:43 - TemporaryDirectory.cleanup() worked.
17:02:43 - shutil.rmtree worked.
17:02:43 - TemporaryDirectory.cleanup() worked.
17:02:43 - shutil.rmtree worked.
17:02:43 - TemporaryDirectory.cleanup() worked.
17:02:43 - shutil.rmtree worked.
17:02:43 - ✅ Saved high-res static PNGs for Substack export.
17:02:43 - Saved AQI_Unified.html and standalone AQI_3d_physics_model.html
17:02:43 - Generating Two-Tiered Substack Briefing (Free vs Paid)...
17:03:05 - ✅ Substack Draft generated: /home/andrew/.ssh/Trading/AQI_Genesis/Substack_Draft_20260911.md
17:03:05 - 💾 Pushing live data matrix to SaaS Database (Streamlit backend)...
17:03:05 - TemporaryDirectory.cleanup() worked.
17:03:05 - shutil.rmtree worked.
17:03:05 - TemporaryDirectory.cleanup() worked.
17:03:05 - shutil.rmtree worked.
17:03:05 - TemporaryDirectory.cleanup() worked.
17:03:05 - shutil.rmtree worked.
17:03:05 - ✅ SaaS Database updated. The AQI Genesis Streamlit Terminal is now live.
17:03:27 - ✅ Briefing Sent Successfully.
