/home/andrew/miniconda3/envs/tf_noavx/lib/python3.9/site-packages/bs4/css.py:40: UserWarning: The soupsieve package is not installed. CSS selectors cannot be used.
  warnings.warn(
17:00:06 - --- Starting Grand Unified Data Ingestion ---
17:00:06 - Fetching Physics Engine Inputs (Job Losers, Income, Hours)...
17:00:29 - Fetching US Core Macro...
17:01:31 - Fetching Global Policy Inputs...
17:02:16 - Fetching Market Internals...
17:02:50 - 💾 Saved fresh data to local cache.
17:02:50 - Initializing Continuous Cole Pulse Physics Engine...
17:02:51 - Running Multivariate LSTM Forecast (CPU Execution)...
17:02:51 - Loaded cached LSTM weights.
17:02:53 - Generating Grand Unified Dashboard (Macro + Physics + 3D)...
17:02:59 - Chromium init'ed with kwargs {}
17:02:59 - Found chromium path: /home/andrew/miniconda3/envs/tf_noavx/lib/python3.9/site-packages/choreographer/cli/browser_exe/chrome-linux64/chrome
17:02:59 - Temp directory created: /tmp/tmp6zurw3bz.
17:02:59 - Opening browser.
17:02:59 - Temp directory created: /tmp/tmpzlx7i1bw.
17:02:59 - Temporary directory at: /tmp/tmpzlx7i1bw
17:03:02 - Closing browser.
17:03:02 - Closing browser.
17:03:02 - TemporaryDirectory.cleanup() worked.
17:03:02 - shutil.rmtree worked.
17:03:02 - TemporaryDirectory.cleanup() worked.
17:03:02 - shutil.rmtree worked.
17:03:02 - TemporaryDirectory.cleanup() worked.
17:03:02 - shutil.rmtree worked.
17:03:02 - Chromium init'ed with kwargs {}
17:03:02 - Found chromium path: /home/andrew/miniconda3/envs/tf_noavx/lib/python3.9/site-packages/choreographer/cli/browser_exe/chrome-linux64/chrome
17:03:02 - Temp directory created: /tmp/tmpwv0dc9ro.
17:03:02 - Opening browser.
17:03:02 - Temp directory created: /tmp/tmpm1v0a_iz.
17:03:02 - Temporary directory at: /tmp/tmpm1v0a_iz
17:03:06 - Closing browser.
17:03:06 - Closing browser.
17:03:06 - TemporaryDirectory.cleanup() worked.
17:03:06 - shutil.rmtree worked.
17:03:07 - TemporaryDirectory.cleanup() worked.
17:03:07 - shutil.rmtree worked.
17:03:07 - TemporaryDirectory.cleanup() worked.
17:03:07 - shutil.rmtree worked.
17:03:07 - Chromium init'ed with kwargs {}
17:03:07 - Found chromium path: /home/andrew/miniconda3/envs/tf_noavx/lib/python3.9/site-packages/choreographer/cli/browser_exe/chrome-linux64/chrome
17:03:07 - Temp directory created: /tmp/tmpggqx38ba.
17:03:07 - Opening browser.
17:03:07 - Temp directory created: /tmp/tmpaly1spqa.
17:03:07 - Temporary directory at: /tmp/tmpaly1spqa
17:03:11 - Closing browser.
17:03:11 - Closing browser.
17:03:11 - TemporaryDirectory.cleanup() worked.
17:03:11 - shutil.rmtree worked.
17:03:11 - TemporaryDirectory.cleanup() worked.
17:03:11 - shutil.rmtree worked.
17:03:11 - TemporaryDirectory.cleanup() worked.
17:03:11 - shutil.rmtree worked.
17:03:11 - ✅ Saved high-res static PNGs for Substack export.
17:03:11 - Saved AQI_Unified.html and standalone AQI_3d_physics_model.html
17:03:11 - Generating Two-Tiered Substack Briefing (Free vs Paid)...
17:03:11 - TemporaryDirectory.cleanup() worked.
17:03:11 - shutil.rmtree worked.
17:03:11 - TemporaryDirectory.cleanup() worked.
17:03:11 - shutil.rmtree worked.
17:03:11 - TemporaryDirectory.cleanup() worked.
17:03:11 - shutil.rmtree worked.
17:03:35 - ✅ Substack Draft generated: /home/andrew/.ssh/Trading/AQI_Genesis/Substack_Draft_20260926.md
17:03:35 - 💾 Pushing live data matrix to SaaS Database (Streamlit backend)...
17:03:36 - ✅ SaaS Database updated. The AQI Genesis Streamlit Terminal is now live.
17:03:51 - ✅ Briefing Sent Successfully.
