/home/andrew/miniconda3/envs/tf_noavx/lib/python3.9/site-packages/bs4/css.py:40: UserWarning: The soupsieve package is not installed. CSS selectors cannot be used.
  warnings.warn(
17:00:07 - --- Starting Grand Unified Data Ingestion ---
17:00:07 - Fetching Physics Engine Inputs (Job Losers, Income, Hours)...
17:00:35 - Fetching US Core Macro...
17:01:23 - Fetching Global Policy Inputs...
17:01:55 - Fetching Market Internals...
17:02:31 - 💾 Saved fresh data to local cache.
17:02:31 - Initializing Continuous Cole Pulse Physics Engine...
17:02:31 - Running Multivariate LSTM Forecast (CPU Execution)...
17:02:31 - Loaded cached LSTM weights.
17:02:33 - Generating Grand Unified Dashboard (Macro + Physics + 3D)...
17:02:39 - Chromium init'ed with kwargs {}
17:02:39 - Found chromium path: /home/andrew/miniconda3/envs/tf_noavx/lib/python3.9/site-packages/choreographer/cli/browser_exe/chrome-linux64/chrome
17:02:39 - Temp directory created: /tmp/tmpfi8sx8op.
17:02:39 - Opening browser.
17:02:39 - Temp directory created: /tmp/tmpmoer7f9f.
17:02:39 - Temporary directory at: /tmp/tmpmoer7f9f
17:02:43 - Closing browser.
17:02:43 - Closing browser.
17:02:43 - TemporaryDirectory.cleanup() worked.
17:02:43 - shutil.rmtree worked.
17:02:43 - TemporaryDirectory.cleanup() worked.
17:02:43 - shutil.rmtree worked.
17:02:43 - TemporaryDirectory.cleanup() worked.
17:02:43 - shutil.rmtree worked.
17:02:43 - Chromium init'ed with kwargs {}
17:02:43 - Found chromium path: /home/andrew/miniconda3/envs/tf_noavx/lib/python3.9/site-packages/choreographer/cli/browser_exe/chrome-linux64/chrome
17:02:43 - Temp directory created: /tmp/tmp11kpsyow.
17:02:43 - Opening browser.
17:02:43 - Temp directory created: /tmp/tmpxq_ittyu.
17:02:43 - Temporary directory at: /tmp/tmpxq_ittyu
17:02:47 - Closing browser.
17:02:47 - Closing browser.
17:02:47 - TemporaryDirectory.cleanup() worked.
17:02:47 - shutil.rmtree worked.
17:02:47 - TemporaryDirectory.cleanup() worked.
17:02:47 - shutil.rmtree worked.
17:02:47 - TemporaryDirectory.cleanup() worked.
17:02:47 - shutil.rmtree worked.
17:02:47 - Chromium init'ed with kwargs {}
17:02:47 - Found chromium path: /home/andrew/miniconda3/envs/tf_noavx/lib/python3.9/site-packages/choreographer/cli/browser_exe/chrome-linux64/chrome
17:02:47 - Temp directory created: /tmp/tmpgtglweu9.
17:02:47 - Opening browser.
17:02:47 - Temp directory created: /tmp/tmp_xpkp3i4.
17:02:47 - Temporary directory at: /tmp/tmp_xpkp3i4
17:02:51 - Closing browser.
17:02:51 - Closing browser.
17:02:51 - TemporaryDirectory.cleanup() worked.
17:02:51 - shutil.rmtree worked.
17:02:51 - TemporaryDirectory.cleanup() worked.
17:02:51 - shutil.rmtree worked.
17:02:51 - TemporaryDirectory.cleanup() worked.
17:02:51 - shutil.rmtree worked.
17:02:51 - ✅ Saved high-res static PNGs for Substack export.
17:02:51 - Saved AQI_Unified.html and standalone AQI_3d_physics_model.html
17:02:51 - Generating Two-Tiered Substack Briefing (Free vs Paid)...
17:03:15 - ✅ Substack Draft generated: /home/andrew/.ssh/Trading/AQI_Genesis/Substack_Draft_20260901.md
17:03:15 - 💾 Pushing live data matrix to SaaS Database (Streamlit backend)...
17:03:15 - TemporaryDirectory.cleanup() worked.
17:03:15 - shutil.rmtree worked.
17:03:15 - TemporaryDirectory.cleanup() worked.
17:03:15 - shutil.rmtree worked.
17:03:15 - TemporaryDirectory.cleanup() worked.
17:03:15 - shutil.rmtree worked.
17:03:15 - ✅ SaaS Database updated. The AQI Genesis Streamlit Terminal is now live.
17:03:35 - ✅ Briefing Sent Successfully.
