/home/andrew/miniconda3/envs/tf_noavx/lib/python3.9/site-packages/bs4/css.py:40: UserWarning: The soupsieve package is not installed. CSS selectors cannot be used.
  warnings.warn(
17:00:07 - --- Starting Grand Unified Data Ingestion ---
17:00:07 - Fetching Physics Engine Inputs (Job Losers, Income, Hours)...
17:00:27 - Fetching US Core Macro...
17:01:38 - Fetching Global Policy Inputs...
17:02:46 - Fetching Market Internals...
17:03:22 - 💾 Saved fresh data to local cache.
17:03:22 - Initializing Continuous Cole Pulse Physics Engine...
17:03:22 - Running Multivariate LSTM Forecast (CPU Execution)...
17:03:23 - Loaded cached LSTM weights.
17:03:25 - Generating Grand Unified Dashboard (Macro + Physics + 3D)...
17:03:31 - Chromium init'ed with kwargs {}
17:03:31 - Found chromium path: /home/andrew/miniconda3/envs/tf_noavx/lib/python3.9/site-packages/choreographer/cli/browser_exe/chrome-linux64/chrome
17:03:31 - Temp directory created: /tmp/tmp5ohadrfm.
17:03:31 - Opening browser.
17:03:31 - Temp directory created: /tmp/tmpuoll874p.
17:03:31 - Temporary directory at: /tmp/tmpuoll874p
17:03:34 - Closing browser.
17:03:34 - Closing browser.
17:03:34 - TemporaryDirectory.cleanup() worked.
17:03:34 - shutil.rmtree worked.
17:03:34 - TemporaryDirectory.cleanup() worked.
17:03:34 - shutil.rmtree worked.
17:03:34 - TemporaryDirectory.cleanup() worked.
17:03:34 - shutil.rmtree worked.
17:03:34 - Chromium init'ed with kwargs {}
17:03:34 - Found chromium path: /home/andrew/miniconda3/envs/tf_noavx/lib/python3.9/site-packages/choreographer/cli/browser_exe/chrome-linux64/chrome
17:03:34 - Temp directory created: /tmp/tmpm8l3nied.
17:03:34 - Opening browser.
17:03:34 - Temp directory created: /tmp/tmpvr4bh7tg.
17:03:34 - Temporary directory at: /tmp/tmpvr4bh7tg
17:03:38 - Closing browser.
17:03:38 - Closing browser.
17:03:38 - TemporaryDirectory.cleanup() worked.
17:03:38 - shutil.rmtree worked.
17:03:38 - TemporaryDirectory.cleanup() worked.
17:03:38 - shutil.rmtree worked.
17:03:38 - TemporaryDirectory.cleanup() worked.
17:03:38 - shutil.rmtree worked.
17:03:39 - Chromium init'ed with kwargs {}
17:03:39 - Found chromium path: /home/andrew/miniconda3/envs/tf_noavx/lib/python3.9/site-packages/choreographer/cli/browser_exe/chrome-linux64/chrome
17:03:39 - Temp directory created: /tmp/tmpbtdrawzo.
17:03:39 - Opening browser.
17:03:39 - Temp directory created: /tmp/tmpljlrs1lp.
17:03:39 - Temporary directory at: /tmp/tmpljlrs1lp
17:03:43 - Closing browser.
17:03:43 - Closing browser.
17:03:43 - TemporaryDirectory.cleanup() worked.
17:03:43 - shutil.rmtree worked.
17:03:43 - TemporaryDirectory.cleanup() worked.
17:03:43 - shutil.rmtree worked.
17:03:43 - TemporaryDirectory.cleanup() worked.
17:03:43 - shutil.rmtree worked.
17:03:43 - ✅ Saved high-res static PNGs for Substack export.
17:03:43 - Saved AQI_Unified.html and standalone AQI_3d_physics_model.html
17:03:43 - Generating Two-Tiered Substack Briefing (Free vs Paid)...
17:04:04 - ✅ Substack Draft generated: /home/andrew/.ssh/Trading/AQI_Genesis/Substack_Draft_20260903.md
17:04:04 - 💾 Pushing live data matrix to SaaS Database (Streamlit backend)...
17:04:04 - TemporaryDirectory.cleanup() worked.
17:04:04 - shutil.rmtree worked.
17:04:04 - TemporaryDirectory.cleanup() worked.
17:04:04 - shutil.rmtree worked.
17:04:04 - TemporaryDirectory.cleanup() worked.
17:04:04 - shutil.rmtree worked.
17:04:04 - ✅ SaaS Database updated. The AQI Genesis Streamlit Terminal is now live.
17:04:24 - ✅ Briefing Sent Successfully.
