/home/andrew/miniconda3/envs/tf_noavx/lib/python3.9/site-packages/bs4/css.py:40: UserWarning: The soupsieve package is not installed. CSS selectors cannot be used.
  warnings.warn(
17:00:14 - --- Starting Grand Unified Data Ingestion ---
17:00:14 - Fetching Physics Engine Inputs (Job Losers, Income, Hours)...
17:00:32 - Fetching US Core Macro...
17:01:25 - Fetching Global Policy Inputs...
17:02:03 - Fetching Market Internals...
17:02:46 - 💾 Saved fresh data to local cache.
17:02:46 - Initializing Continuous Cole Pulse Physics Engine...
17:02:46 - Running Multivariate LSTM Forecast (CPU Execution)...
17:02:47 - Loaded cached LSTM weights.
17:02:51 - Generating Grand Unified Dashboard (Macro + Physics + 3D)...
17:03:00 - Chromium init'ed with kwargs {}
17:03:00 - Found chromium path: /home/andrew/miniconda3/envs/tf_noavx/lib/python3.9/site-packages/choreographer/cli/browser_exe/chrome-linux64/chrome
17:03:00 - Temp directory created: /tmp/tmp2uicf8hy.
17:03:00 - Opening browser.
17:03:00 - Temp directory created: /tmp/tmp0vsa4wu_.
17:03:00 - Temporary directory at: /tmp/tmp0vsa4wu_
17:03:05 - Closing browser.
17:03:05 - Closing browser.
17:03:05 - TemporaryDirectory.cleanup() worked.
17:03:05 - shutil.rmtree worked.
17:03:06 - TemporaryDirectory.cleanup() worked.
17:03:06 - shutil.rmtree worked.
17:03:06 - TemporaryDirectory.cleanup() worked.
17:03:06 - shutil.rmtree worked.
17:03:06 - Chromium init'ed with kwargs {}
17:03:06 - Found chromium path: /home/andrew/miniconda3/envs/tf_noavx/lib/python3.9/site-packages/choreographer/cli/browser_exe/chrome-linux64/chrome
17:03:06 - Temp directory created: /tmp/tmpyahc0jdd.
17:03:06 - Opening browser.
17:03:06 - Temp directory created: /tmp/tmpq7uzwz85.
17:03:06 - Temporary directory at: /tmp/tmpq7uzwz85
17:03:11 - Closing browser.
17:03:11 - Closing browser.
17:03:11 - TemporaryDirectory.cleanup() worked.
17:03:11 - shutil.rmtree worked.
17:03:11 - TemporaryDirectory.cleanup() worked.
17:03:11 - shutil.rmtree worked.
17:03:11 - TemporaryDirectory.cleanup() worked.
17:03:11 - shutil.rmtree worked.
17:03:12 - Chromium init'ed with kwargs {}
17:03:12 - Found chromium path: /home/andrew/miniconda3/envs/tf_noavx/lib/python3.9/site-packages/choreographer/cli/browser_exe/chrome-linux64/chrome
17:03:12 - Temp directory created: /tmp/tmpfzal1czo.
17:03:12 - Opening browser.
17:03:12 - Temp directory created: /tmp/tmpnozvkd37.
17:03:12 - Temporary directory at: /tmp/tmpnozvkd37
17:03:17 - Closing browser.
17:03:17 - Closing browser.
17:03:17 - TemporaryDirectory.cleanup() worked.
17:03:17 - shutil.rmtree worked.
17:03:17 - TemporaryDirectory.cleanup() worked.
17:03:17 - shutil.rmtree worked.
17:03:17 - TemporaryDirectory.cleanup() worked.
17:03:17 - shutil.rmtree worked.
17:03:17 - ✅ Saved high-res static PNGs for Substack export.
17:03:17 - Saved AQI_Unified.html and standalone AQI_3d_physics_model.html
17:03:17 - Generating Two-Tiered Substack Briefing (Free vs Paid)...
17:03:39 - ✅ Substack Draft generated: /home/andrew/.ssh/Trading/AQI_Genesis/Substack_Draft_20260908.md
17:03:39 - 💾 Pushing live data matrix to SaaS Database (Streamlit backend)...
17:03:40 - TemporaryDirectory.cleanup() worked.
17:03:40 - shutil.rmtree worked.
17:03:40 - TemporaryDirectory.cleanup() worked.
17:03:40 - shutil.rmtree worked.
17:03:40 - TemporaryDirectory.cleanup() worked.
17:03:40 - shutil.rmtree worked.
17:03:40 - ✅ SaaS Database updated. The AQI Genesis Streamlit Terminal is now live.
17:04:02 - ✅ Briefing Sent Successfully.
