/home/andrew/miniconda3/envs/tf_noavx/lib/python3.9/site-packages/bs4/css.py:40: UserWarning: The soupsieve package is not installed. CSS selectors cannot be used.
  warnings.warn(
17:00:07 - --- Starting Grand Unified Data Ingestion ---
17:00:07 - Fetching Physics Engine Inputs (Job Losers, Income, Hours)...
17:00:28 - Fetching US Core Macro...
17:00:29 - ❌ FRED API Failed (None). Attempting to load from local cache...
17:00:29 - ♻️ Loading data from local cache.
17:00:29 - Initializing Continuous Cole Pulse Physics Engine...
17:00:29 - Running Multivariate LSTM Forecast (CPU Execution)...
17:00:30 - Loaded cached LSTM weights.
17:00:32 - Generating Grand Unified Dashboard (Macro + Physics + 3D)...
17:00:38 - Chromium init'ed with kwargs {}
17:00:38 - Found chromium path: /home/andrew/miniconda3/envs/tf_noavx/lib/python3.9/site-packages/choreographer/cli/browser_exe/chrome-linux64/chrome
17:00:38 - Temp directory created: /tmp/tmpjrmsai13.
17:00:38 - Opening browser.
17:00:38 - Temp directory created: /tmp/tmpbvkclp8w.
17:00:38 - Temporary directory at: /tmp/tmpbvkclp8w
17:00:42 - Closing browser.
17:00:42 - Closing browser.
17:00:42 - TemporaryDirectory.cleanup() worked.
17:00:42 - shutil.rmtree worked.
17:00:42 - TemporaryDirectory.cleanup() worked.
17:00:42 - shutil.rmtree worked.
17:00:42 - TemporaryDirectory.cleanup() worked.
17:00:42 - shutil.rmtree worked.
17:00:42 - Chromium init'ed with kwargs {}
17:00:42 - Found chromium path: /home/andrew/miniconda3/envs/tf_noavx/lib/python3.9/site-packages/choreographer/cli/browser_exe/chrome-linux64/chrome
17:00:42 - Temp directory created: /tmp/tmp6tusgxyx.
17:00:42 - Opening browser.
17:00:42 - Temp directory created: /tmp/tmpjalz8264.
17:00:42 - Temporary directory at: /tmp/tmpjalz8264
17:00:46 - Closing browser.
17:00:46 - Closing browser.
17:00:46 - TemporaryDirectory.cleanup() worked.
17:00:46 - shutil.rmtree worked.
17:00:46 - TemporaryDirectory.cleanup() worked.
17:00:46 - shutil.rmtree worked.
17:00:46 - TemporaryDirectory.cleanup() worked.
17:00:46 - shutil.rmtree worked.
17:00:46 - Chromium init'ed with kwargs {}
17:00:46 - Found chromium path: /home/andrew/miniconda3/envs/tf_noavx/lib/python3.9/site-packages/choreographer/cli/browser_exe/chrome-linux64/chrome
17:00:46 - Temp directory created: /tmp/tmpkk0tkr29.
17:00:46 - Opening browser.
17:00:46 - Temp directory created: /tmp/tmpchatcqke.
17:00:46 - Temporary directory at: /tmp/tmpchatcqke
17:00:50 - Closing browser.
17:00:50 - Closing browser.
17:00:50 - TemporaryDirectory.cleanup() worked.
17:00:50 - shutil.rmtree worked.
17:00:50 - TemporaryDirectory.cleanup() worked.
17:00:50 - shutil.rmtree worked.
17:00:50 - TemporaryDirectory.cleanup() worked.
17:00:50 - shutil.rmtree worked.
17:00:50 - ✅ Saved high-res static PNGs for Substack export.
17:00:51 - Saved AQI_Unified.html and standalone AQI_3d_physics_model.html
17:00:51 - Generating Two-Tiered Substack Briefing (Free vs Paid)...
17:01:14 - ✅ Substack Draft generated: /home/andrew/.ssh/Trading/AQI_Genesis/Substack_Draft_20260924.md
17:01:14 - 💾 Pushing live data matrix to SaaS Database (Streamlit backend)...
17:01:15 - ✅ SaaS Database updated. The AQI Genesis Streamlit Terminal is now live.
17:01:29 - ✅ Briefing Sent Successfully.
17:01:29 - TemporaryDirectory.cleanup() worked.
17:01:29 - shutil.rmtree worked.
17:01:29 - TemporaryDirectory.cleanup() worked.
17:01:29 - shutil.rmtree worked.
17:01:29 - TemporaryDirectory.cleanup() worked.
17:01:29 - shutil.rmtree worked.
