/home/andrew/miniconda3/envs/tf_noavx/lib/python3.9/site-packages/bs4/css.py:40: UserWarning: The soupsieve package is not installed. CSS selectors cannot be used.
  warnings.warn(
17:00:07 - --- Starting Grand Unified Data Ingestion ---
17:00:07 - Fetching Physics Engine Inputs (Job Losers, Income, Hours)...
17:00:18 - Fetching US Core Macro...
17:00:56 - Fetching Global Policy Inputs...
17:01:34 - Fetching Market Internals...
17:02:12 - 💾 Saved fresh data to local cache.
17:02:12 - Initializing Continuous Cole Pulse Physics Engine...
17:02:12 - Running Multivariate LSTM Forecast (CPU Execution)...
17:02:12 - Loaded cached LSTM weights.
17:02:14 - Generating Grand Unified Dashboard (Macro + Physics + 3D)...
17:02:20 - Chromium init'ed with kwargs {}
17:02:20 - Found chromium path: /home/andrew/miniconda3/envs/tf_noavx/lib/python3.9/site-packages/choreographer/cli/browser_exe/chrome-linux64/chrome
17:02:20 - Temp directory created: /tmp/tmpr17zjdpr.
17:02:20 - Opening browser.
17:02:20 - Temp directory created: /tmp/tmp4qokptka.
17:02:20 - Temporary directory at: /tmp/tmp4qokptka
17:02:24 - Closing browser.
17:02:24 - Closing browser.
17:02:24 - TemporaryDirectory.cleanup() worked.
17:02:24 - shutil.rmtree worked.
17:02:24 - TemporaryDirectory.cleanup() worked.
17:02:24 - shutil.rmtree worked.
17:02:24 - TemporaryDirectory.cleanup() worked.
17:02:24 - shutil.rmtree worked.
17:02:24 - Chromium init'ed with kwargs {}
17:02:24 - Found chromium path: /home/andrew/miniconda3/envs/tf_noavx/lib/python3.9/site-packages/choreographer/cli/browser_exe/chrome-linux64/chrome
17:02:24 - Temp directory created: /tmp/tmp690l06cr.
17:02:24 - Opening browser.
17:02:24 - Temp directory created: /tmp/tmpz384tp49.
17:02:24 - Temporary directory at: /tmp/tmpz384tp49
17:02:28 - Closing browser.
17:02:28 - Closing browser.
17:02:28 - TemporaryDirectory.cleanup() worked.
17:02:28 - shutil.rmtree worked.
17:02:28 - TemporaryDirectory.cleanup() worked.
17:02:28 - shutil.rmtree worked.
17:02:28 - TemporaryDirectory.cleanup() worked.
17:02:28 - shutil.rmtree worked.
17:02:28 - Chromium init'ed with kwargs {}
17:02:28 - Found chromium path: /home/andrew/miniconda3/envs/tf_noavx/lib/python3.9/site-packages/choreographer/cli/browser_exe/chrome-linux64/chrome
17:02:28 - Temp directory created: /tmp/tmpdtoercx_.
17:02:28 - Opening browser.
17:02:28 - Temp directory created: /tmp/tmp3sm1aken.
17:02:28 - Temporary directory at: /tmp/tmp3sm1aken
17:02:32 - Closing browser.
17:02:32 - Closing browser.
17:02:32 - TemporaryDirectory.cleanup() worked.
17:02:32 - shutil.rmtree worked.
17:02:32 - TemporaryDirectory.cleanup() worked.
17:02:32 - shutil.rmtree worked.
17:02:32 - TemporaryDirectory.cleanup() worked.
17:02:32 - shutil.rmtree worked.
17:02:32 - ✅ Saved high-res static PNGs for Substack export.
17:02:33 - Saved AQI_Unified.html and standalone AQI_3d_physics_model.html
17:02:33 - Generating Two-Tiered Substack Briefing (Free vs Paid)...
17:02:33 - TemporaryDirectory.cleanup() worked.
17:02:33 - shutil.rmtree worked.
17:02:33 - TemporaryDirectory.cleanup() worked.
17:02:33 - shutil.rmtree worked.
17:02:33 - TemporaryDirectory.cleanup() worked.
17:02:33 - shutil.rmtree worked.
17:02:53 - ✅ Substack Draft generated: /home/andrew/.ssh/Trading/AQI_Genesis/Substack_Draft_20261003.md
17:02:53 - 💾 Pushing live data matrix to SaaS Database (Streamlit backend)...
17:02:53 - ✅ SaaS Database updated. The AQI Genesis Streamlit Terminal is now live.
17:03:06 - ✅ Briefing Sent Successfully.
