/home/andrew/miniconda3/envs/tf_noavx/lib/python3.9/site-packages/bs4/css.py:40: UserWarning: The soupsieve package is not installed. CSS selectors cannot be used.
  warnings.warn(
17:00:08 - --- Starting Grand Unified Data Ingestion ---
17:00:08 - Fetching Physics Engine Inputs (Job Losers, Income, Hours)...
17:00:31 - Fetching US Core Macro...
17:01:27 - Fetching Global Policy Inputs...
17:01:58 - Fetching Market Internals...
17:02:36 - 💾 Saved fresh data to local cache.
17:02:36 - Initializing Continuous Cole Pulse Physics Engine...
17:02:36 - Running Multivariate LSTM Forecast (CPU Execution)...
17:02:36 - Loaded cached LSTM weights.
17:02:38 - Generating Grand Unified Dashboard (Macro + Physics + 3D)...
17:02:44 - Chromium init'ed with kwargs {}
17:02:44 - Found chromium path: /home/andrew/miniconda3/envs/tf_noavx/lib/python3.9/site-packages/choreographer/cli/browser_exe/chrome-linux64/chrome
17:02:44 - Temp directory created: /tmp/tmp2r8p91_r.
17:02:44 - Opening browser.
17:02:44 - Temp directory created: /tmp/tmpx41wscq8.
17:02:44 - Temporary directory at: /tmp/tmpx41wscq8
17:02:48 - Closing browser.
17:02:48 - Closing browser.
17:02:48 - TemporaryDirectory.cleanup() worked.
17:02:48 - shutil.rmtree worked.
17:02:48 - TemporaryDirectory.cleanup() worked.
17:02:48 - shutil.rmtree worked.
17:02:48 - TemporaryDirectory.cleanup() worked.
17:02:48 - shutil.rmtree worked.
17:02:48 - Chromium init'ed with kwargs {}
17:02:48 - Found chromium path: /home/andrew/miniconda3/envs/tf_noavx/lib/python3.9/site-packages/choreographer/cli/browser_exe/chrome-linux64/chrome
17:02:48 - Temp directory created: /tmp/tmp9zsam7ru.
17:02:48 - Opening browser.
17:02:48 - Temp directory created: /tmp/tmpvbsy7s_9.
17:02:48 - Temporary directory at: /tmp/tmpvbsy7s_9
17:02:52 - Closing browser.
17:02:52 - Closing browser.
17:02:52 - TemporaryDirectory.cleanup() worked.
17:02:52 - shutil.rmtree worked.
17:02:52 - TemporaryDirectory.cleanup() worked.
17:02:52 - shutil.rmtree worked.
17:02:52 - TemporaryDirectory.cleanup() worked.
17:02:52 - shutil.rmtree worked.
17:02:52 - Chromium init'ed with kwargs {}
17:02:52 - Found chromium path: /home/andrew/miniconda3/envs/tf_noavx/lib/python3.9/site-packages/choreographer/cli/browser_exe/chrome-linux64/chrome
17:02:52 - Temp directory created: /tmp/tmpcoxtex0n.
17:02:52 - Opening browser.
17:02:52 - Temp directory created: /tmp/tmpnsox_65s.
17:02:52 - Temporary directory at: /tmp/tmpnsox_65s
17:02:52 - TemporaryDirectory.cleanup() worked.
17:02:52 - shutil.rmtree worked.
17:02:52 - TemporaryDirectory.cleanup() worked.
17:02:52 - shutil.rmtree worked.
17:02:56 - Closing browser.
17:02:56 - Closing browser.
17:02:56 - TemporaryDirectory.cleanup() worked.
17:02:56 - shutil.rmtree worked.
17:02:56 - TemporaryDirectory.cleanup() worked.
17:02:56 - shutil.rmtree worked.
17:02:56 - TemporaryDirectory.cleanup() worked.
17:02:56 - shutil.rmtree worked.
17:02:56 - ✅ Saved high-res static PNGs for Substack export.
17:02:56 - Saved AQI_Unified.html and standalone AQI_3d_physics_model.html
17:02:56 - Generating Two-Tiered Substack Briefing (Free vs Paid)...
17:03:15 - ✅ Substack Draft generated: /home/andrew/.ssh/Trading/AQI_Genesis/Substack_Draft_20260824.md
17:03:15 - 💾 Pushing live data matrix to SaaS Database (Streamlit backend)...
17:03:15 - ✅ SaaS Database updated. The AQI Genesis Streamlit Terminal is now live.
17:03:34 - ✅ Briefing Sent Successfully.
17:03:35 - TemporaryDirectory.cleanup() worked.
17:03:35 - shutil.rmtree worked.
