/home/andrew/miniconda3/envs/tf_noavx/lib/python3.9/site-packages/bs4/css.py:40: UserWarning: The soupsieve package is not installed. CSS selectors cannot be used.
  warnings.warn(
17:00:07 - --- Starting Grand Unified Data Ingestion ---
17:00:07 - Fetching Physics Engine Inputs (Job Losers, Income, Hours)...
17:00:31 - Fetching US Core Macro...
17:01:13 - Fetching Global Policy Inputs...
17:02:29 - Fetching Market Internals...
17:03:04 - 💾 Saved fresh data to local cache.
17:03:04 - Initializing Continuous Cole Pulse Physics Engine...
17:03:04 - Running Multivariate LSTM Forecast (CPU Execution)...
17:03:05 - Loaded cached LSTM weights.
17:03:07 - Generating Grand Unified Dashboard (Macro + Physics + 3D)...
17:03:13 - Chromium init'ed with kwargs {}
17:03:13 - Found chromium path: /home/andrew/miniconda3/envs/tf_noavx/lib/python3.9/site-packages/choreographer/cli/browser_exe/chrome-linux64/chrome
17:03:13 - Temp directory created: /tmp/tmp7y92pc8b.
17:03:13 - Opening browser.
17:03:13 - Temp directory created: /tmp/tmpbb4osakm.
17:03:14 - Temporary directory at: /tmp/tmpbb4osakm
17:03:17 - Closing browser.
17:03:17 - Closing browser.
17:03:17 - TemporaryDirectory.cleanup() worked.
17:03:17 - shutil.rmtree worked.
17:03:17 - TemporaryDirectory.cleanup() worked.
17:03:17 - shutil.rmtree worked.
17:03:17 - TemporaryDirectory.cleanup() worked.
17:03:17 - shutil.rmtree worked.
17:03:17 - Chromium init'ed with kwargs {}
17:03:17 - Found chromium path: /home/andrew/miniconda3/envs/tf_noavx/lib/python3.9/site-packages/choreographer/cli/browser_exe/chrome-linux64/chrome
17:03:17 - Temp directory created: /tmp/tmpkin0ho1s.
17:03:17 - Opening browser.
17:03:17 - Temp directory created: /tmp/tmp0u30uwng.
17:03:17 - Temporary directory at: /tmp/tmp0u30uwng
17:03:21 - Closing browser.
17:03:21 - Closing browser.
17:03:21 - TemporaryDirectory.cleanup() worked.
17:03:21 - shutil.rmtree worked.
17:03:21 - TemporaryDirectory.cleanup() worked.
17:03:21 - shutil.rmtree worked.
17:03:21 - TemporaryDirectory.cleanup() worked.
17:03:21 - shutil.rmtree worked.
17:03:21 - Chromium init'ed with kwargs {}
17:03:21 - Found chromium path: /home/andrew/miniconda3/envs/tf_noavx/lib/python3.9/site-packages/choreographer/cli/browser_exe/chrome-linux64/chrome
17:03:21 - Temp directory created: /tmp/tmp8bz0s8y9.
17:03:21 - Opening browser.
17:03:21 - Temp directory created: /tmp/tmpkvvuz086.
17:03:21 - Temporary directory at: /tmp/tmpkvvuz086
17:03:25 - Closing browser.
17:03:25 - Closing browser.
17:03:25 - TemporaryDirectory.cleanup() worked.
17:03:25 - shutil.rmtree worked.
17:03:25 - TemporaryDirectory.cleanup() worked.
17:03:25 - shutil.rmtree worked.
17:03:25 - TemporaryDirectory.cleanup() worked.
17:03:25 - shutil.rmtree worked.
17:03:25 - ✅ Saved high-res static PNGs for Substack export.
17:03:25 - Saved AQI_Unified.html and standalone AQI_3d_physics_model.html
17:03:25 - Generating Two-Tiered Substack Briefing (Free vs Paid)...
17:03:25 - TemporaryDirectory.cleanup() worked.
17:03:25 - shutil.rmtree worked.
17:03:25 - TemporaryDirectory.cleanup() worked.
17:03:25 - shutil.rmtree worked.
17:03:25 - TemporaryDirectory.cleanup() worked.
17:03:25 - shutil.rmtree worked.
17:03:48 - ✅ Substack Draft generated: /home/andrew/.ssh/Trading/AQI_Genesis/Substack_Draft_20260921.md
17:03:48 - 💾 Pushing live data matrix to SaaS Database (Streamlit backend)...
17:03:48 - ✅ SaaS Database updated. The AQI Genesis Streamlit Terminal is now live.
17:04:03 - ✅ Briefing Sent Successfully.
