/home/andrew/miniconda3/envs/tf_noavx/lib/python3.9/site-packages/bs4/css.py:40: UserWarning: The soupsieve package is not installed. CSS selectors cannot be used.
  warnings.warn(
17:00:07 - --- Starting Grand Unified Data Ingestion ---
17:00:07 - Fetching Physics Engine Inputs (Job Losers, Income, Hours)...
17:00:41 - Fetching US Core Macro...
17:01:54 - Fetching Global Policy Inputs...
17:02:32 - Fetching Market Internals...
17:03:10 - 💾 Saved fresh data to local cache.
17:03:10 - Initializing Continuous Cole Pulse Physics Engine...
17:03:10 - Running Multivariate LSTM Forecast (CPU Execution)...
17:03:10 - Loaded cached LSTM weights.
17:03:12 - Generating Grand Unified Dashboard (Macro + Physics + 3D)...
17:03:18 - Chromium init'ed with kwargs {}
17:03:18 - Found chromium path: /home/andrew/miniconda3/envs/tf_noavx/lib/python3.9/site-packages/choreographer/cli/browser_exe/chrome-linux64/chrome
17:03:18 - Temp directory created: /tmp/tmp5lddaq58.
17:03:18 - Opening browser.
17:03:18 - Temp directory created: /tmp/tmpw63175n5.
17:03:18 - Temporary directory at: /tmp/tmpw63175n5
17:03:22 - Closing browser.
17:03:22 - Closing browser.
17:03:22 - TemporaryDirectory.cleanup() worked.
17:03:22 - shutil.rmtree worked.
17:03:22 - TemporaryDirectory.cleanup() worked.
17:03:22 - shutil.rmtree worked.
17:03:22 - TemporaryDirectory.cleanup() worked.
17:03:22 - shutil.rmtree worked.
17:03:22 - Chromium init'ed with kwargs {}
17:03:22 - Found chromium path: /home/andrew/miniconda3/envs/tf_noavx/lib/python3.9/site-packages/choreographer/cli/browser_exe/chrome-linux64/chrome
17:03:22 - Temp directory created: /tmp/tmp5l3hyxy_.
17:03:22 - Opening browser.
17:03:22 - Temp directory created: /tmp/tmpjlo_4cf7.
17:03:22 - Temporary directory at: /tmp/tmpjlo_4cf7
17:03:26 - Closing browser.
17:03:26 - Closing browser.
17:03:26 - TemporaryDirectory.cleanup() worked.
17:03:26 - shutil.rmtree worked.
17:03:26 - TemporaryDirectory.cleanup() worked.
17:03:26 - shutil.rmtree worked.
17:03:26 - TemporaryDirectory.cleanup() worked.
17:03:26 - shutil.rmtree worked.
17:03:26 - Chromium init'ed with kwargs {}
17:03:26 - Found chromium path: /home/andrew/miniconda3/envs/tf_noavx/lib/python3.9/site-packages/choreographer/cli/browser_exe/chrome-linux64/chrome
17:03:26 - Temp directory created: /tmp/tmpj1sezv2j.
17:03:26 - Opening browser.
17:03:26 - Temp directory created: /tmp/tmppttoowzb.
17:03:26 - Temporary directory at: /tmp/tmppttoowzb
17:03:30 - Closing browser.
17:03:30 - Closing browser.
17:03:30 - TemporaryDirectory.cleanup() worked.
17:03:30 - shutil.rmtree worked.
17:03:30 - TemporaryDirectory.cleanup() worked.
17:03:30 - shutil.rmtree worked.
17:03:30 - TemporaryDirectory.cleanup() worked.
17:03:30 - shutil.rmtree worked.
17:03:30 - ✅ Saved high-res static PNGs for Substack export.
17:03:30 - Saved AQI_Unified.html and standalone AQI_3d_physics_model.html
17:03:30 - Generating Two-Tiered Substack Briefing (Free vs Paid)...
17:03:30 - TemporaryDirectory.cleanup() worked.
17:03:30 - shutil.rmtree worked.
17:03:30 - TemporaryDirectory.cleanup() worked.
17:03:30 - shutil.rmtree worked.
17:03:30 - TemporaryDirectory.cleanup() worked.
17:03:30 - shutil.rmtree worked.
17:03:55 - ✅ Substack Draft generated: /home/andrew/.ssh/Trading/AQI_Genesis/Substack_Draft_20260925.md
17:03:55 - 💾 Pushing live data matrix to SaaS Database (Streamlit backend)...
17:03:55 - ✅ SaaS Database updated. The AQI Genesis Streamlit Terminal is now live.
17:04:11 - ✅ Briefing Sent Successfully.
