/home/andrew/miniconda3/envs/tf_noavx/lib/python3.9/site-packages/bs4/css.py:40: UserWarning: The soupsieve package is not installed. CSS selectors cannot be used.
  warnings.warn(
17:00:08 - --- Starting Grand Unified Data Ingestion ---
17:00:08 - Fetching Physics Engine Inputs (Job Losers, Income, Hours)...
17:00:24 - ❌ FRED API Failed (None). Attempting to load from local cache...
17:00:24 - ♻️ Loading data from local cache.
17:00:24 - Initializing Continuous Cole Pulse Physics Engine...
17:00:24 - Running Multivariate LSTM Forecast (CPU Execution)...
17:00:25 - Loaded cached LSTM weights.
17:00:28 - Generating Grand Unified Dashboard (Macro + Physics + 3D)...
17:00:35 - Chromium init'ed with kwargs {}
17:00:35 - Found chromium path: /home/andrew/miniconda3/envs/tf_noavx/lib/python3.9/site-packages/choreographer/cli/browser_exe/chrome-linux64/chrome
17:00:35 - Temp directory created: /tmp/tmpxwi2ash0.
17:00:35 - Opening browser.
17:00:35 - Temp directory created: /tmp/tmpp23k3yk_.
17:00:35 - Temporary directory at: /tmp/tmpp23k3yk_
17:00:40 - Closing browser.
17:00:40 - Closing browser.
17:00:40 - TemporaryDirectory.cleanup() worked.
17:00:40 - shutil.rmtree worked.
17:00:40 - TemporaryDirectory.cleanup() worked.
17:00:40 - shutil.rmtree worked.
17:00:40 - TemporaryDirectory.cleanup() worked.
17:00:40 - shutil.rmtree worked.
17:00:40 - Chromium init'ed with kwargs {}
17:00:40 - Found chromium path: /home/andrew/miniconda3/envs/tf_noavx/lib/python3.9/site-packages/choreographer/cli/browser_exe/chrome-linux64/chrome
17:00:40 - Temp directory created: /tmp/tmphogo9y08.
17:00:40 - Opening browser.
17:00:40 - Temp directory created: /tmp/tmp3i72oqod.
17:00:41 - Temporary directory at: /tmp/tmp3i72oqod
17:00:46 - Closing browser.
17:00:46 - Closing browser.
17:00:46 - TemporaryDirectory.cleanup() worked.
17:00:46 - shutil.rmtree worked.
17:00:46 - TemporaryDirectory.cleanup() worked.
17:00:46 - shutil.rmtree worked.
17:00:46 - TemporaryDirectory.cleanup() worked.
17:00:46 - shutil.rmtree worked.
17:00:46 - Chromium init'ed with kwargs {}
17:00:46 - Found chromium path: /home/andrew/miniconda3/envs/tf_noavx/lib/python3.9/site-packages/choreographer/cli/browser_exe/chrome-linux64/chrome
17:00:46 - Temp directory created: /tmp/tmpfu8ki21_.
17:00:46 - Opening browser.
17:00:46 - Temp directory created: /tmp/tmpcwf3oohs.
17:00:46 - Temporary directory at: /tmp/tmpcwf3oohs
17:00:51 - Closing browser.
17:00:51 - Closing browser.
17:00:51 - TemporaryDirectory.cleanup() worked.
17:00:51 - shutil.rmtree worked.
17:00:51 - TemporaryDirectory.cleanup() worked.
17:00:51 - shutil.rmtree worked.
17:00:51 - TemporaryDirectory.cleanup() worked.
17:00:51 - shutil.rmtree worked.
17:00:51 - ✅ Saved high-res static PNGs for Substack export.
17:00:52 - Saved AQI_Unified.html and standalone AQI_3d_physics_model.html
17:00:52 - Generating Two-Tiered Substack Briefing (Free vs Paid)...
17:01:14 - ✅ Substack Draft generated: /home/andrew/.ssh/Trading/AQI_Genesis/Substack_Draft_20260916.md
17:01:14 - 💾 Pushing live data matrix to SaaS Database (Streamlit backend)...
17:01:14 - ✅ SaaS Database updated. The AQI Genesis Streamlit Terminal is now live.
17:01:28 - ✅ Briefing Sent Successfully.
17:01:28 - TemporaryDirectory.cleanup() worked.
17:01:28 - shutil.rmtree worked.
17:01:28 - TemporaryDirectory.cleanup() worked.
17:01:28 - shutil.rmtree worked.
17:01:28 - TemporaryDirectory.cleanup() worked.
17:01:28 - shutil.rmtree worked.
