/home/andrew/miniconda3/envs/tf_noavx/lib/python3.9/site-packages/bs4/css.py:40: UserWarning: The soupsieve package is not installed. CSS selectors cannot be used.
  warnings.warn(
17:00:07 - --- Starting Grand Unified Data Ingestion ---
17:00:07 - Fetching Physics Engine Inputs (Job Losers, Income, Hours)...
17:00:29 - Fetching US Core Macro...
17:01:16 - Fetching Global Policy Inputs...
17:02:06 - Fetching Market Internals...
17:02:46 - 💾 Saved fresh data to local cache.
17:02:46 - Initializing Continuous Cole Pulse Physics Engine...
17:02:46 - Running Multivariate LSTM Forecast (CPU Execution)...
17:02:47 - Training LSTM from scratch (This may take a moment)...
17:03:10 - Saved new LSTM weights to cache.
17:03:12 - Generating Grand Unified Dashboard (Macro + Physics + 3D)...
17:03:18 - Chromium init'ed with kwargs {}
17:03:18 - Found chromium path: /home/andrew/miniconda3/envs/tf_noavx/lib/python3.9/site-packages/choreographer/cli/browser_exe/chrome-linux64/chrome
17:03:18 - Temp directory created: /tmp/tmp79lx3s0r.
17:03:18 - Opening browser.
17:03:18 - Temp directory created: /tmp/tmphwzhw09u.
17:03:19 - Temporary directory at: /tmp/tmphwzhw09u
17:03:22 - Closing browser.
17:03:22 - Closing browser.
17:03:22 - TemporaryDirectory.cleanup() worked.
17:03:22 - shutil.rmtree worked.
17:03:22 - TemporaryDirectory.cleanup() worked.
17:03:22 - shutil.rmtree worked.
17:03:22 - TemporaryDirectory.cleanup() worked.
17:03:22 - shutil.rmtree worked.
17:03:22 - Chromium init'ed with kwargs {}
17:03:22 - Found chromium path: /home/andrew/miniconda3/envs/tf_noavx/lib/python3.9/site-packages/choreographer/cli/browser_exe/chrome-linux64/chrome
17:03:22 - Temp directory created: /tmp/tmp9de_fs9v.
17:03:22 - Opening browser.
17:03:22 - Temp directory created: /tmp/tmpihg6zxuo.
17:03:22 - Temporary directory at: /tmp/tmpihg6zxuo
17:03:26 - Closing browser.
17:03:26 - Closing browser.
17:03:26 - TemporaryDirectory.cleanup() worked.
17:03:26 - shutil.rmtree worked.
17:03:27 - TemporaryDirectory.cleanup() worked.
17:03:27 - shutil.rmtree worked.
17:03:27 - TemporaryDirectory.cleanup() worked.
17:03:27 - shutil.rmtree worked.
17:03:27 - Chromium init'ed with kwargs {}
17:03:27 - Found chromium path: /home/andrew/miniconda3/envs/tf_noavx/lib/python3.9/site-packages/choreographer/cli/browser_exe/chrome-linux64/chrome
17:03:27 - Temp directory created: /tmp/tmpng2pkdt5.
17:03:27 - Opening browser.
17:03:27 - Temp directory created: /tmp/tmp2uuike6d.
17:03:27 - Temporary directory at: /tmp/tmp2uuike6d
17:03:31 - Closing browser.
17:03:31 - Closing browser.
17:03:31 - TemporaryDirectory.cleanup() worked.
17:03:31 - shutil.rmtree worked.
17:03:31 - TemporaryDirectory.cleanup() worked.
17:03:31 - shutil.rmtree worked.
17:03:31 - TemporaryDirectory.cleanup() worked.
17:03:31 - shutil.rmtree worked.
17:03:31 - ✅ Saved high-res static PNGs for Substack export.
17:03:31 - Saved AQI_Unified.html and standalone AQI_3d_physics_model.html
17:03:31 - Generating Two-Tiered Substack Briefing (Free vs Paid)...
17:03:54 - ✅ Substack Draft generated: /home/andrew/.ssh/Trading/AQI_Genesis/Substack_Draft_20260905.md
17:03:54 - 💾 Pushing live data matrix to SaaS Database (Streamlit backend)...
17:03:54 - TemporaryDirectory.cleanup() worked.
17:03:54 - shutil.rmtree worked.
17:03:54 - TemporaryDirectory.cleanup() worked.
17:03:54 - shutil.rmtree worked.
17:03:54 - TemporaryDirectory.cleanup() worked.
17:03:54 - shutil.rmtree worked.
17:03:54 - ✅ SaaS Database updated. The AQI Genesis Streamlit Terminal is now live.
17:04:15 - ✅ Briefing Sent Successfully.
