/home/andrew/miniconda3/envs/tf_noavx/lib/python3.9/site-packages/bs4/css.py:40: UserWarning: The soupsieve package is not installed. CSS selectors cannot be used.
  warnings.warn(
17:00:10 - --- Starting Grand Unified Data Ingestion ---
17:00:10 - Fetching Physics Engine Inputs (Job Losers, Income, Hours)...
17:00:37 - Fetching US Core Macro...
17:01:40 - Fetching Global Policy Inputs...
17:01:41 - ❌ FRED API Failed (None). Attempting to load from local cache...
17:01:41 - ♻️ Loading data from local cache.
17:01:41 - Initializing Continuous Cole Pulse Physics Engine...
17:01:41 - Running Multivariate LSTM Forecast (CPU Execution)...
17:01:42 - Loaded cached LSTM weights.
17:01:43 - Generating Grand Unified Dashboard (Macro + Physics + 3D)...
17:01:49 - Chromium init'ed with kwargs {}
17:01:49 - Found chromium path: /home/andrew/miniconda3/envs/tf_noavx/lib/python3.9/site-packages/choreographer/cli/browser_exe/chrome-linux64/chrome
17:01:49 - Temp directory created: /tmp/tmpfszxsaud.
17:01:49 - Opening browser.
17:01:49 - Temp directory created: /tmp/tmp0i468mtp.
17:01:50 - Temporary directory at: /tmp/tmp0i468mtp
17:01:53 - Closing browser.
17:01:53 - Closing browser.
17:01:53 - TemporaryDirectory.cleanup() worked.
17:01:53 - shutil.rmtree worked.
17:01:53 - TemporaryDirectory.cleanup() worked.
17:01:53 - shutil.rmtree worked.
17:01:53 - TemporaryDirectory.cleanup() worked.
17:01:53 - shutil.rmtree worked.
17:01:53 - Chromium init'ed with kwargs {}
17:01:53 - Found chromium path: /home/andrew/miniconda3/envs/tf_noavx/lib/python3.9/site-packages/choreographer/cli/browser_exe/chrome-linux64/chrome
17:01:53 - Temp directory created: /tmp/tmpsccq9x79.
17:01:53 - Opening browser.
17:01:53 - Temp directory created: /tmp/tmppx9y5d24.
17:01:53 - Temporary directory at: /tmp/tmppx9y5d24
17:01:57 - Closing browser.
17:01:57 - Closing browser.
17:01:57 - TemporaryDirectory.cleanup() worked.
17:01:57 - shutil.rmtree worked.
17:01:57 - TemporaryDirectory.cleanup() worked.
17:01:57 - shutil.rmtree worked.
17:01:57 - TemporaryDirectory.cleanup() worked.
17:01:57 - shutil.rmtree worked.
17:01:57 - Chromium init'ed with kwargs {}
17:01:57 - Found chromium path: /home/andrew/miniconda3/envs/tf_noavx/lib/python3.9/site-packages/choreographer/cli/browser_exe/chrome-linux64/chrome
17:01:57 - Temp directory created: /tmp/tmponnnjua_.
17:01:57 - Opening browser.
17:01:57 - Temp directory created: /tmp/tmpkdg3t0n0.
17:01:57 - Temporary directory at: /tmp/tmpkdg3t0n0
17:02:01 - Closing browser.
17:02:01 - Closing browser.
17:02:01 - TemporaryDirectory.cleanup() worked.
17:02:01 - shutil.rmtree worked.
17:02:01 - TemporaryDirectory.cleanup() worked.
17:02:01 - shutil.rmtree worked.
17:02:01 - TemporaryDirectory.cleanup() worked.
17:02:01 - shutil.rmtree worked.
17:02:01 - ✅ Saved high-res static PNGs for Substack export.
17:02:01 - Saved AQI_Unified.html and standalone AQI_3d_physics_model.html
17:02:01 - Generating Two-Tiered Substack Briefing (Free vs Paid)...
17:02:26 - ✅ Substack Draft generated: /home/andrew/.ssh/Trading/AQI_Genesis/Substack_Draft_20260918.md
17:02:26 - 💾 Pushing live data matrix to SaaS Database (Streamlit backend)...
17:02:26 - TemporaryDirectory.cleanup() worked.
17:02:26 - shutil.rmtree worked.
17:02:26 - TemporaryDirectory.cleanup() worked.
17:02:26 - shutil.rmtree worked.
17:02:26 - TemporaryDirectory.cleanup() worked.
17:02:26 - shutil.rmtree worked.
17:02:26 - ✅ SaaS Database updated. The AQI Genesis Streamlit Terminal is now live.
17:02:39 - ✅ Briefing Sent Successfully.
