/home/andrew/miniconda3/envs/tf_noavx/lib/python3.9/site-packages/bs4/css.py:40: UserWarning: The soupsieve package is not installed. CSS selectors cannot be used.
  warnings.warn(
17:00:10 - --- Starting Grand Unified Data Ingestion ---
17:00:10 - Fetching Physics Engine Inputs (Job Losers, Income, Hours)...
17:00:39 - Fetching US Core Macro...
17:01:48 - Fetching Global Policy Inputs...
17:02:50 - Fetching Market Internals...
17:03:29 - 💾 Saved fresh data to local cache.
17:03:29 - Initializing Continuous Cole Pulse Physics Engine...
17:03:29 - Running Multivariate LSTM Forecast (CPU Execution)...
17:03:30 - Loaded cached LSTM weights.
17:03:33 - Generating Grand Unified Dashboard (Macro + Physics + 3D)...
17:03:40 - Chromium init'ed with kwargs {}
17:03:40 - Found chromium path: /home/andrew/miniconda3/envs/tf_noavx/lib/python3.9/site-packages/choreographer/cli/browser_exe/chrome-linux64/chrome
17:03:40 - Temp directory created: /tmp/tmpgtlm35tx.
17:03:40 - Opening browser.
17:03:40 - Temp directory created: /tmp/tmpr9mlvsfm.
17:03:40 - Temporary directory at: /tmp/tmpr9mlvsfm
17:03:45 - Closing browser.
17:03:45 - Closing browser.
17:03:45 - TemporaryDirectory.cleanup() worked.
17:03:45 - shutil.rmtree worked.
17:03:45 - TemporaryDirectory.cleanup() worked.
17:03:45 - shutil.rmtree worked.
17:03:45 - TemporaryDirectory.cleanup() worked.
17:03:45 - shutil.rmtree worked.
17:03:45 - Chromium init'ed with kwargs {}
17:03:45 - Found chromium path: /home/andrew/miniconda3/envs/tf_noavx/lib/python3.9/site-packages/choreographer/cli/browser_exe/chrome-linux64/chrome
17:03:45 - Temp directory created: /tmp/tmpberoteyj.
17:03:45 - Opening browser.
17:03:45 - Temp directory created: /tmp/tmpf1vu05nw.
17:03:45 - Temporary directory at: /tmp/tmpf1vu05nw
17:03:51 - Closing browser.
17:03:51 - Closing browser.
17:03:51 - TemporaryDirectory.cleanup() worked.
17:03:51 - shutil.rmtree worked.
17:03:51 - TemporaryDirectory.cleanup() worked.
17:03:51 - shutil.rmtree worked.
17:03:51 - TemporaryDirectory.cleanup() worked.
17:03:51 - shutil.rmtree worked.
17:03:51 - Chromium init'ed with kwargs {}
17:03:51 - Found chromium path: /home/andrew/miniconda3/envs/tf_noavx/lib/python3.9/site-packages/choreographer/cli/browser_exe/chrome-linux64/chrome
17:03:51 - Temp directory created: /tmp/tmpks5zypwq.
17:03:51 - Opening browser.
17:03:51 - Temp directory created: /tmp/tmp8ye2ji3u.
17:03:51 - Temporary directory at: /tmp/tmp8ye2ji3u
17:03:57 - Closing browser.
17:03:57 - Closing browser.
17:03:57 - TemporaryDirectory.cleanup() worked.
17:03:57 - shutil.rmtree worked.
17:03:57 - TemporaryDirectory.cleanup() worked.
17:03:57 - shutil.rmtree worked.
17:03:57 - TemporaryDirectory.cleanup() worked.
17:03:57 - shutil.rmtree worked.
17:03:57 - ✅ Saved high-res static PNGs for Substack export.
17:03:57 - Saved AQI_Unified.html and standalone AQI_3d_physics_model.html
17:03:57 - Generating Two-Tiered Substack Briefing (Free vs Paid)...
17:04:20 - ✅ Substack Draft generated: /home/andrew/.ssh/Trading/AQI_Genesis/Substack_Draft_20260915.md
17:04:20 - 💾 Pushing live data matrix to SaaS Database (Streamlit backend)...
17:04:20 - TemporaryDirectory.cleanup() worked.
17:04:20 - shutil.rmtree worked.
17:04:20 - TemporaryDirectory.cleanup() worked.
17:04:20 - shutil.rmtree worked.
17:04:20 - TemporaryDirectory.cleanup() worked.
17:04:20 - shutil.rmtree worked.
17:04:20 - ✅ SaaS Database updated. The AQI Genesis Streamlit Terminal is now live.
17:04:33 - ✅ Briefing Sent Successfully.
