/home/andrew/miniconda3/envs/tf_noavx/lib/python3.9/site-packages/bs4/css.py:40: UserWarning: The soupsieve package is not installed. CSS selectors cannot be used.
  warnings.warn(
17:00:07 - --- Starting Grand Unified Data Ingestion ---
17:00:07 - Fetching Physics Engine Inputs (Job Losers, Income, Hours)...
17:00:33 - Fetching US Core Macro...
17:01:18 - Fetching Global Policy Inputs...
17:01:53 - Fetching Market Internals...
17:02:29 - 💾 Saved fresh data to local cache.
17:02:29 - Initializing Continuous Cole Pulse Physics Engine...
17:02:29 - Running Multivariate LSTM Forecast (CPU Execution)...
17:02:29 - Loaded cached LSTM weights.
17:02:31 - Generating Grand Unified Dashboard (Macro + Physics + 3D)...
17:02:37 - Chromium init'ed with kwargs {}
17:02:37 - Found chromium path: /home/andrew/miniconda3/envs/tf_noavx/lib/python3.9/site-packages/choreographer/cli/browser_exe/chrome-linux64/chrome
17:02:37 - Temp directory created: /tmp/tmpaojbe4hp.
17:02:37 - Opening browser.
17:02:37 - Temp directory created: /tmp/tmp0e5buc8n.
17:02:37 - Temporary directory at: /tmp/tmp0e5buc8n
17:02:41 - Closing browser.
17:02:41 - Closing browser.
17:02:41 - TemporaryDirectory.cleanup() worked.
17:02:41 - shutil.rmtree worked.
17:02:41 - TemporaryDirectory.cleanup() worked.
17:02:41 - shutil.rmtree worked.
17:02:41 - TemporaryDirectory.cleanup() worked.
17:02:41 - shutil.rmtree worked.
17:02:41 - Chromium init'ed with kwargs {}
17:02:41 - Found chromium path: /home/andrew/miniconda3/envs/tf_noavx/lib/python3.9/site-packages/choreographer/cli/browser_exe/chrome-linux64/chrome
17:02:41 - Temp directory created: /tmp/tmplx94y4bl.
17:02:41 - Opening browser.
17:02:41 - Temp directory created: /tmp/tmpqfd_ve1e.
17:02:41 - Temporary directory at: /tmp/tmpqfd_ve1e
17:02:45 - Closing browser.
17:02:45 - Closing browser.
17:02:45 - TemporaryDirectory.cleanup() worked.
17:02:45 - shutil.rmtree worked.
17:02:45 - TemporaryDirectory.cleanup() worked.
17:02:45 - shutil.rmtree worked.
17:02:45 - TemporaryDirectory.cleanup() worked.
17:02:45 - shutil.rmtree worked.
17:02:45 - Chromium init'ed with kwargs {}
17:02:45 - Found chromium path: /home/andrew/miniconda3/envs/tf_noavx/lib/python3.9/site-packages/choreographer/cli/browser_exe/chrome-linux64/chrome
17:02:45 - Temp directory created: /tmp/tmp9c8cwcxl.
17:02:45 - Opening browser.
17:02:45 - Temp directory created: /tmp/tmpbtmj79f_.
17:02:45 - Temporary directory at: /tmp/tmpbtmj79f_
17:02:45 - TemporaryDirectory.cleanup() worked.
17:02:45 - shutil.rmtree worked.
17:02:45 - TemporaryDirectory.cleanup() worked.
17:02:45 - shutil.rmtree worked.
17:02:49 - Closing browser.
17:02:49 - Closing browser.
17:02:49 - TemporaryDirectory.cleanup() worked.
17:02:49 - shutil.rmtree worked.
17:02:49 - TemporaryDirectory.cleanup() worked.
17:02:49 - shutil.rmtree worked.
17:02:49 - TemporaryDirectory.cleanup() worked.
17:02:49 - shutil.rmtree worked.
17:02:49 - ✅ Saved high-res static PNGs for Substack export.
17:02:49 - Saved AQI_Unified.html and standalone AQI_3d_physics_model.html
17:02:49 - Generating Two-Tiered Substack Briefing (Free vs Paid)...
17:03:12 - ✅ Substack Draft generated: /home/andrew/.ssh/Trading/AQI_Genesis/Substack_Draft_20261007.md
17:03:12 - 💾 Pushing live data matrix to SaaS Database (Streamlit backend)...
17:03:12 - ✅ SaaS Database updated. The AQI Genesis Streamlit Terminal is now live.
17:03:31 - ✅ Briefing Sent Successfully.
17:03:31 - TemporaryDirectory.cleanup() worked.
17:03:31 - shutil.rmtree worked.
