/home/andrew/miniconda3/envs/tf_noavx/lib/python3.9/site-packages/bs4/css.py:40: UserWarning: The soupsieve package is not installed. CSS selectors cannot be used.
  warnings.warn(
17:00:06 - --- Starting Grand Unified Data Ingestion ---
17:00:06 - Fetching Physics Engine Inputs (Job Losers, Income, Hours)...
17:00:31 - Fetching US Core Macro...
17:01:26 - Fetching Global Policy Inputs...
17:02:26 - Fetching Market Internals...
17:03:03 - 💾 Saved fresh data to local cache.
17:03:03 - Initializing Continuous Cole Pulse Physics Engine...
17:03:03 - Running Multivariate LSTM Forecast (CPU Execution)...
17:03:04 - Loaded cached LSTM weights.
17:03:06 - Generating Grand Unified Dashboard (Macro + Physics + 3D)...
17:03:12 - Chromium init'ed with kwargs {}
17:03:12 - Found chromium path: /home/andrew/miniconda3/envs/tf_noavx/lib/python3.9/site-packages/choreographer/cli/browser_exe/chrome-linux64/chrome
17:03:12 - Temp directory created: /tmp/tmpxo7e7amb.
17:03:12 - Opening browser.
17:03:12 - Temp directory created: /tmp/tmpto5gmk60.
17:03:12 - Temporary directory at: /tmp/tmpto5gmk60
17:03:15 - Closing browser.
17:03:15 - Closing browser.
17:03:15 - TemporaryDirectory.cleanup() worked.
17:03:15 - shutil.rmtree worked.
17:03:15 - TemporaryDirectory.cleanup() worked.
17:03:15 - shutil.rmtree worked.
17:03:15 - TemporaryDirectory.cleanup() worked.
17:03:15 - shutil.rmtree worked.
17:03:15 - Chromium init'ed with kwargs {}
17:03:15 - Found chromium path: /home/andrew/miniconda3/envs/tf_noavx/lib/python3.9/site-packages/choreographer/cli/browser_exe/chrome-linux64/chrome
17:03:15 - Temp directory created: /tmp/tmpxdjlkuag.
17:03:15 - Opening browser.
17:03:15 - Temp directory created: /tmp/tmpqfxi40c0.
17:03:15 - Temporary directory at: /tmp/tmpqfxi40c0
17:03:19 - Closing browser.
17:03:19 - Closing browser.
17:03:19 - TemporaryDirectory.cleanup() worked.
17:03:19 - shutil.rmtree worked.
17:03:19 - TemporaryDirectory.cleanup() worked.
17:03:19 - shutil.rmtree worked.
17:03:19 - TemporaryDirectory.cleanup() worked.
17:03:19 - shutil.rmtree worked.
17:03:19 - Chromium init'ed with kwargs {}
17:03:19 - Found chromium path: /home/andrew/miniconda3/envs/tf_noavx/lib/python3.9/site-packages/choreographer/cli/browser_exe/chrome-linux64/chrome
17:03:19 - Temp directory created: /tmp/tmpa3kzlcia.
17:03:19 - Opening browser.
17:03:19 - Temp directory created: /tmp/tmpby1vy2uz.
17:03:19 - Temporary directory at: /tmp/tmpby1vy2uz
17:03:23 - Closing browser.
17:03:23 - Closing browser.
17:03:23 - TemporaryDirectory.cleanup() worked.
17:03:23 - shutil.rmtree worked.
17:03:23 - TemporaryDirectory.cleanup() worked.
17:03:23 - shutil.rmtree worked.
17:03:23 - TemporaryDirectory.cleanup() worked.
17:03:23 - shutil.rmtree worked.
17:03:23 - ✅ Saved high-res static PNGs for Substack export.
17:03:23 - Saved AQI_Unified.html and standalone AQI_3d_physics_model.html
17:03:23 - Generating Two-Tiered Substack Briefing (Free vs Paid)...
17:03:23 - TemporaryDirectory.cleanup() worked.
17:03:23 - shutil.rmtree worked.
17:03:23 - TemporaryDirectory.cleanup() worked.
17:03:23 - shutil.rmtree worked.
17:03:23 - TemporaryDirectory.cleanup() worked.
17:03:23 - shutil.rmtree worked.
17:03:48 - ✅ Substack Draft generated: /home/andrew/.ssh/Trading/AQI_Genesis/Substack_Draft_20260922.md
17:03:48 - 💾 Pushing live data matrix to SaaS Database (Streamlit backend)...
17:03:48 - ✅ SaaS Database updated. The AQI Genesis Streamlit Terminal is now live.
17:04:02 - ✅ Briefing Sent Successfully.
