/home/andrew/miniconda3/envs/tf_noavx/lib/python3.9/site-packages/bs4/css.py:40: UserWarning: The soupsieve package is not installed. CSS selectors cannot be used.
  warnings.warn(
17:00:07 - --- Starting Grand Unified Data Ingestion ---
17:00:07 - Fetching Physics Engine Inputs (Job Losers, Income, Hours)...
17:00:23 - Fetching US Core Macro...
17:00:58 - Fetching Global Policy Inputs...
17:01:43 - Fetching Market Internals...
17:02:24 - 💾 Saved fresh data to local cache.
17:02:24 - Initializing Continuous Cole Pulse Physics Engine...
17:02:24 - Running Multivariate LSTM Forecast (CPU Execution)...
17:02:24 - Loaded cached LSTM weights.
17:02:26 - Generating Grand Unified Dashboard (Macro + Physics + 3D)...
17:02:32 - Chromium init'ed with kwargs {}
17:02:32 - Found chromium path: /home/andrew/miniconda3/envs/tf_noavx/lib/python3.9/site-packages/choreographer/cli/browser_exe/chrome-linux64/chrome
17:02:32 - Temp directory created: /tmp/tmpbtyeou6r.
17:02:32 - Opening browser.
17:02:32 - Temp directory created: /tmp/tmp444gv1u9.
17:02:32 - Temporary directory at: /tmp/tmp444gv1u9
17:02:36 - Closing browser.
17:02:36 - Closing browser.
17:02:36 - TemporaryDirectory.cleanup() worked.
17:02:36 - shutil.rmtree worked.
17:02:36 - TemporaryDirectory.cleanup() worked.
17:02:36 - shutil.rmtree worked.
17:02:36 - TemporaryDirectory.cleanup() worked.
17:02:36 - shutil.rmtree worked.
17:02:36 - Chromium init'ed with kwargs {}
17:02:36 - Found chromium path: /home/andrew/miniconda3/envs/tf_noavx/lib/python3.9/site-packages/choreographer/cli/browser_exe/chrome-linux64/chrome
17:02:36 - Temp directory created: /tmp/tmpsm9gi9b8.
17:02:36 - Opening browser.
17:02:36 - Temp directory created: /tmp/tmpb4xm9_s3.
17:02:36 - Temporary directory at: /tmp/tmpb4xm9_s3
17:02:40 - Closing browser.
17:02:40 - Closing browser.
17:02:40 - TemporaryDirectory.cleanup() worked.
17:02:40 - shutil.rmtree worked.
17:02:40 - TemporaryDirectory.cleanup() worked.
17:02:40 - shutil.rmtree worked.
17:02:40 - TemporaryDirectory.cleanup() worked.
17:02:40 - shutil.rmtree worked.
17:02:40 - Chromium init'ed with kwargs {}
17:02:40 - Found chromium path: /home/andrew/miniconda3/envs/tf_noavx/lib/python3.9/site-packages/choreographer/cli/browser_exe/chrome-linux64/chrome
17:02:40 - Temp directory created: /tmp/tmpbtms5kk6.
17:02:40 - Opening browser.
17:02:40 - Temp directory created: /tmp/tmpzozncj6o.
17:02:40 - Temporary directory at: /tmp/tmpzozncj6o
17:02:44 - Closing browser.
17:02:44 - Closing browser.
17:02:44 - TemporaryDirectory.cleanup() worked.
17:02:44 - shutil.rmtree worked.
17:02:45 - TemporaryDirectory.cleanup() worked.
17:02:45 - shutil.rmtree worked.
17:02:45 - TemporaryDirectory.cleanup() worked.
17:02:45 - shutil.rmtree worked.
17:02:45 - ✅ Saved high-res static PNGs for Substack export.
17:02:45 - Saved AQI_Unified.html and standalone AQI_3d_physics_model.html
17:02:45 - Generating Two-Tiered Substack Briefing (Free vs Paid)...
17:02:45 - TemporaryDirectory.cleanup() worked.
17:02:45 - shutil.rmtree worked.
17:02:45 - TemporaryDirectory.cleanup() worked.
17:02:45 - shutil.rmtree worked.
17:02:45 - TemporaryDirectory.cleanup() worked.
17:02:45 - shutil.rmtree worked.
17:03:11 - ✅ Substack Draft generated: /home/andrew/.ssh/Trading/AQI_Genesis/Substack_Draft_20261001.md
17:03:11 - 💾 Pushing live data matrix to SaaS Database (Streamlit backend)...
17:03:11 - ✅ SaaS Database updated. The AQI Genesis Streamlit Terminal is now live.
17:03:25 - ✅ Briefing Sent Successfully.
