/home/andrew/miniconda3/envs/tf_noavx/lib/python3.9/site-packages/bs4/css.py:40: UserWarning: The soupsieve package is not installed. CSS selectors cannot be used.
  warnings.warn(
17:00:11 - --- Starting Grand Unified Data Ingestion ---
17:00:11 - Fetching Physics Engine Inputs (Job Losers, Income, Hours)...
17:00:21 - Fetching US Core Macro...
17:00:43 - Fetching Global Policy Inputs...
17:01:27 - Fetching Market Internals...
17:02:09 - 💾 Saved fresh data to local cache.
17:02:09 - Initializing Continuous Cole Pulse Physics Engine...
17:02:09 - Running Multivariate LSTM Forecast (CPU Execution)...
17:02:10 - Loaded cached LSTM weights.
17:02:14 - Generating Grand Unified Dashboard (Macro + Physics + 3D)...
17:02:21 - Chromium init'ed with kwargs {}
17:02:21 - Found chromium path: /home/andrew/miniconda3/envs/tf_noavx/lib/python3.9/site-packages/choreographer/cli/browser_exe/chrome-linux64/chrome
17:02:21 - Temp directory created: /tmp/tmprowcpp_x.
17:02:21 - Opening browser.
17:02:21 - Temp directory created: /tmp/tmp0a3lrftk.
17:02:21 - Temporary directory at: /tmp/tmp0a3lrftk
17:02:26 - Closing browser.
17:02:26 - Closing browser.
17:02:26 - TemporaryDirectory.cleanup() worked.
17:02:26 - shutil.rmtree worked.
17:02:26 - TemporaryDirectory.cleanup() worked.
17:02:26 - shutil.rmtree worked.
17:02:26 - TemporaryDirectory.cleanup() worked.
17:02:26 - shutil.rmtree worked.
17:02:26 - Chromium init'ed with kwargs {}
17:02:26 - Found chromium path: /home/andrew/miniconda3/envs/tf_noavx/lib/python3.9/site-packages/choreographer/cli/browser_exe/chrome-linux64/chrome
17:02:26 - Temp directory created: /tmp/tmpfjvxkn5w.
17:02:26 - Opening browser.
17:02:26 - Temp directory created: /tmp/tmpvihbogvl.
17:02:26 - Temporary directory at: /tmp/tmpvihbogvl
17:02:32 - Closing browser.
17:02:32 - Closing browser.
17:02:32 - TemporaryDirectory.cleanup() worked.
17:02:32 - shutil.rmtree worked.
17:02:32 - TemporaryDirectory.cleanup() worked.
17:02:32 - shutil.rmtree worked.
17:02:32 - TemporaryDirectory.cleanup() worked.
17:02:32 - shutil.rmtree worked.
17:02:32 - Chromium init'ed with kwargs {}
17:02:32 - Found chromium path: /home/andrew/miniconda3/envs/tf_noavx/lib/python3.9/site-packages/choreographer/cli/browser_exe/chrome-linux64/chrome
17:02:32 - Temp directory created: /tmp/tmp8ehy23lk.
17:02:32 - Opening browser.
17:02:32 - Temp directory created: /tmp/tmp1cglhsta.
17:02:32 - Temporary directory at: /tmp/tmp1cglhsta
17:02:36 - Closing browser.
17:02:36 - Closing browser.
17:02:36 - TemporaryDirectory.cleanup() worked.
17:02:36 - shutil.rmtree worked.
17:02:36 - TemporaryDirectory.cleanup() worked.
17:02:36 - shutil.rmtree worked.
17:02:36 - TemporaryDirectory.cleanup() worked.
17:02:36 - shutil.rmtree worked.
17:02:36 - ✅ Saved high-res static PNGs for Substack export.
17:02:36 - Saved AQI_Unified.html and standalone AQI_3d_physics_model.html
17:02:36 - Generating Two-Tiered Substack Briefing (Free vs Paid)...
17:03:00 - ✅ Substack Draft generated: /home/andrew/.ssh/Trading/AQI_Genesis/Substack_Draft_20260907.md
17:03:00 - 💾 Pushing live data matrix to SaaS Database (Streamlit backend)...
17:03:00 - TemporaryDirectory.cleanup() worked.
17:03:00 - shutil.rmtree worked.
17:03:00 - TemporaryDirectory.cleanup() worked.
17:03:00 - shutil.rmtree worked.
17:03:00 - TemporaryDirectory.cleanup() worked.
17:03:00 - shutil.rmtree worked.
17:03:00 - ✅ SaaS Database updated. The AQI Genesis Streamlit Terminal is now live.
17:03:22 - ✅ Briefing Sent Successfully.
