/home/andrew/miniconda3/envs/tf_noavx/lib/python3.9/site-packages/bs4/css.py:40: UserWarning: The soupsieve package is not installed. CSS selectors cannot be used.
  warnings.warn(
17:00:07 - --- Starting Grand Unified Data Ingestion ---
17:00:07 - Fetching Physics Engine Inputs (Job Losers, Income, Hours)...
17:00:36 - Fetching US Core Macro...
17:01:52 - Fetching Global Policy Inputs...
17:02:30 - Fetching Market Internals...
17:03:08 - 💾 Saved fresh data to local cache.
17:03:08 - Initializing Continuous Cole Pulse Physics Engine...
17:03:08 - Running Multivariate LSTM Forecast (CPU Execution)...
17:03:09 - Loaded cached LSTM weights.
17:03:11 - Generating Grand Unified Dashboard (Macro + Physics + 3D)...
17:03:17 - Chromium init'ed with kwargs {}
17:03:17 - Found chromium path: /home/andrew/miniconda3/envs/tf_noavx/lib/python3.9/site-packages/choreographer/cli/browser_exe/chrome-linux64/chrome
17:03:17 - Temp directory created: /tmp/tmpv7x8cuvr.
17:03:17 - Opening browser.
17:03:17 - Temp directory created: /tmp/tmpbqxj3w2s.
17:03:17 - Temporary directory at: /tmp/tmpbqxj3w2s
17:03:22 - Closing browser.
17:03:22 - Closing browser.
17:03:22 - TemporaryDirectory.cleanup() worked.
17:03:22 - shutil.rmtree worked.
17:03:22 - TemporaryDirectory.cleanup() worked.
17:03:22 - shutil.rmtree worked.
17:03:22 - TemporaryDirectory.cleanup() worked.
17:03:22 - shutil.rmtree worked.
17:03:22 - Chromium init'ed with kwargs {}
17:03:22 - Found chromium path: /home/andrew/miniconda3/envs/tf_noavx/lib/python3.9/site-packages/choreographer/cli/browser_exe/chrome-linux64/chrome
17:03:22 - Temp directory created: /tmp/tmpiq4d4rtv.
17:03:22 - Opening browser.
17:03:22 - Temp directory created: /tmp/tmpjuecxxhq.
17:03:22 - Temporary directory at: /tmp/tmpjuecxxhq
17:03:28 - Closing browser.
17:03:28 - Closing browser.
17:03:28 - TemporaryDirectory.cleanup() worked.
17:03:28 - shutil.rmtree worked.
17:03:28 - TemporaryDirectory.cleanup() worked.
17:03:28 - shutil.rmtree worked.
17:03:28 - TemporaryDirectory.cleanup() worked.
17:03:28 - shutil.rmtree worked.
17:03:28 - Chromium init'ed with kwargs {}
17:03:28 - Found chromium path: /home/andrew/miniconda3/envs/tf_noavx/lib/python3.9/site-packages/choreographer/cli/browser_exe/chrome-linux64/chrome
17:03:28 - Temp directory created: /tmp/tmp2vu7tfx3.
17:03:28 - Opening browser.
17:03:28 - Temp directory created: /tmp/tmp96kfzcf1.
17:03:28 - Temporary directory at: /tmp/tmp96kfzcf1
17:03:34 - Closing browser.
17:03:34 - Closing browser.
17:03:34 - TemporaryDirectory.cleanup() worked.
17:03:34 - shutil.rmtree worked.
17:03:34 - TemporaryDirectory.cleanup() worked.
17:03:34 - shutil.rmtree worked.
17:03:34 - TemporaryDirectory.cleanup() worked.
17:03:34 - shutil.rmtree worked.
17:03:34 - ✅ Saved high-res static PNGs for Substack export.
17:03:34 - Saved AQI_Unified.html and standalone AQI_3d_physics_model.html
17:03:34 - Generating Two-Tiered Substack Briefing (Free vs Paid)...
17:03:59 - ✅ Substack Draft generated: /home/andrew/.ssh/Trading/AQI_Genesis/Substack_Draft_20260909.md
17:03:59 - 💾 Pushing live data matrix to SaaS Database (Streamlit backend)...
17:03:59 - TemporaryDirectory.cleanup() worked.
17:03:59 - shutil.rmtree worked.
17:03:59 - TemporaryDirectory.cleanup() worked.
17:03:59 - shutil.rmtree worked.
17:03:59 - TemporaryDirectory.cleanup() worked.
17:03:59 - shutil.rmtree worked.
17:03:59 - ✅ SaaS Database updated. The AQI Genesis Streamlit Terminal is now live.
17:04:21 - ✅ Briefing Sent Successfully.
