/home/andrew/miniconda3/envs/tf_noavx/lib/python3.9/site-packages/bs4/css.py:40: UserWarning: The soupsieve package is not installed. CSS selectors cannot be used.
  warnings.warn(
17:00:08 - --- Starting Grand Unified Data Ingestion ---
17:00:08 - Fetching Physics Engine Inputs (Job Losers, Income, Hours)...
17:00:20 - Fetching US Core Macro...
17:00:56 - Fetching Global Policy Inputs...
17:01:39 - Fetching Market Internals...
17:02:17 - 💾 Saved fresh data to local cache.
17:02:17 - Initializing Continuous Cole Pulse Physics Engine...
17:02:17 - Running Multivariate LSTM Forecast (CPU Execution)...
17:02:18 - Loaded cached LSTM weights.
17:02:20 - Generating Grand Unified Dashboard (Macro + Physics + 3D)...
17:02:26 - Chromium init'ed with kwargs {}
17:02:26 - Found chromium path: /home/andrew/miniconda3/envs/tf_noavx/lib/python3.9/site-packages/choreographer/cli/browser_exe/chrome-linux64/chrome
17:02:26 - Temp directory created: /tmp/tmpaq0en7lx.
17:02:26 - Opening browser.
17:02:26 - Temp directory created: /tmp/tmplesbrd7c.
17:02:26 - Temporary directory at: /tmp/tmplesbrd7c
17:02:29 - Closing browser.
17:02:29 - Closing browser.
17:02:29 - TemporaryDirectory.cleanup() worked.
17:02:29 - shutil.rmtree worked.
17:02:29 - TemporaryDirectory.cleanup() worked.
17:02:29 - shutil.rmtree worked.
17:02:29 - TemporaryDirectory.cleanup() worked.
17:02:29 - shutil.rmtree worked.
17:02:29 - Chromium init'ed with kwargs {}
17:02:29 - Found chromium path: /home/andrew/miniconda3/envs/tf_noavx/lib/python3.9/site-packages/choreographer/cli/browser_exe/chrome-linux64/chrome
17:02:29 - Temp directory created: /tmp/tmp67va605k.
17:02:29 - Opening browser.
17:02:29 - Temp directory created: /tmp/tmp41g_zp_3.
17:02:30 - Temporary directory at: /tmp/tmp41g_zp_3
17:02:33 - Closing browser.
17:02:33 - Closing browser.
17:02:33 - TemporaryDirectory.cleanup() worked.
17:02:33 - shutil.rmtree worked.
17:02:33 - TemporaryDirectory.cleanup() worked.
17:02:33 - shutil.rmtree worked.
17:02:33 - TemporaryDirectory.cleanup() worked.
17:02:33 - shutil.rmtree worked.
17:02:33 - Chromium init'ed with kwargs {}
17:02:33 - Found chromium path: /home/andrew/miniconda3/envs/tf_noavx/lib/python3.9/site-packages/choreographer/cli/browser_exe/chrome-linux64/chrome
17:02:33 - Temp directory created: /tmp/tmppvixo2hl.
17:02:33 - Opening browser.
17:02:33 - Temp directory created: /tmp/tmpfc3eaxoj.
17:02:34 - Temporary directory at: /tmp/tmpfc3eaxoj
17:02:37 - Closing browser.
17:02:37 - Closing browser.
17:02:37 - TemporaryDirectory.cleanup() worked.
17:02:37 - shutil.rmtree worked.
17:02:38 - TemporaryDirectory.cleanup() worked.
17:02:38 - shutil.rmtree worked.
17:02:38 - TemporaryDirectory.cleanup() worked.
17:02:38 - shutil.rmtree worked.
17:02:38 - ✅ Saved high-res static PNGs for Substack export.
17:02:38 - Saved AQI_Unified.html and standalone AQI_3d_physics_model.html
17:02:38 - Generating Two-Tiered Substack Briefing (Free vs Paid)...
17:02:59 - ✅ Substack Draft generated: /home/andrew/.ssh/Trading/AQI_Genesis/Substack_Draft_20260830.md
17:02:59 - 💾 Pushing live data matrix to SaaS Database (Streamlit backend)...
17:02:59 - TemporaryDirectory.cleanup() worked.
17:02:59 - shutil.rmtree worked.
17:02:59 - TemporaryDirectory.cleanup() worked.
17:02:59 - shutil.rmtree worked.
17:02:59 - TemporaryDirectory.cleanup() worked.
17:02:59 - shutil.rmtree worked.
17:02:59 - ✅ SaaS Database updated. The AQI Genesis Streamlit Terminal is now live.
17:03:19 - ✅ Briefing Sent Successfully.
