/home/andrew/miniconda3/envs/tf_noavx/lib/python3.9/site-packages/bs4/css.py:40: UserWarning: The soupsieve package is not installed. CSS selectors cannot be used.
  warnings.warn(
17:00:07 - --- Starting Grand Unified Data Ingestion ---
17:00:07 - Fetching Physics Engine Inputs (Job Losers, Income, Hours)...
17:00:29 - Fetching US Core Macro...
17:01:20 - Fetching Global Policy Inputs...
17:02:04 - Fetching Market Internals...
17:02:40 - 💾 Saved fresh data to local cache.
17:02:40 - Initializing Continuous Cole Pulse Physics Engine...
17:02:40 - Running Multivariate LSTM Forecast (CPU Execution)...
17:02:40 - Training LSTM from scratch (This may take a moment)...
17:02:57 - Saved new LSTM weights to cache.
17:02:58 - Generating Grand Unified Dashboard (Macro + Physics + 3D)...
17:03:04 - Chromium init'ed with kwargs {}
17:03:04 - Found chromium path: /home/andrew/miniconda3/envs/tf_noavx/lib/python3.9/site-packages/choreographer/cli/browser_exe/chrome-linux64/chrome
17:03:04 - Temp directory created: /tmp/tmp8glh7tv1.
17:03:04 - Opening browser.
17:03:04 - Temp directory created: /tmp/tmprgxbt_t9.
17:03:04 - Temporary directory at: /tmp/tmprgxbt_t9
17:03:08 - Closing browser.
17:03:08 - Closing browser.
17:03:08 - TemporaryDirectory.cleanup() worked.
17:03:08 - shutil.rmtree worked.
17:03:08 - TemporaryDirectory.cleanup() worked.
17:03:08 - shutil.rmtree worked.
17:03:08 - TemporaryDirectory.cleanup() worked.
17:03:08 - shutil.rmtree worked.
17:03:08 - Chromium init'ed with kwargs {}
17:03:08 - Found chromium path: /home/andrew/miniconda3/envs/tf_noavx/lib/python3.9/site-packages/choreographer/cli/browser_exe/chrome-linux64/chrome
17:03:08 - Temp directory created: /tmp/tmpegam2r6_.
17:03:08 - Opening browser.
17:03:08 - Temp directory created: /tmp/tmp8onx4mqn.
17:03:08 - Temporary directory at: /tmp/tmp8onx4mqn
17:03:12 - Closing browser.
17:03:12 - Closing browser.
17:03:12 - TemporaryDirectory.cleanup() worked.
17:03:12 - shutil.rmtree worked.
17:03:12 - TemporaryDirectory.cleanup() worked.
17:03:12 - shutil.rmtree worked.
17:03:12 - TemporaryDirectory.cleanup() worked.
17:03:12 - shutil.rmtree worked.
17:03:12 - Chromium init'ed with kwargs {}
17:03:12 - Found chromium path: /home/andrew/miniconda3/envs/tf_noavx/lib/python3.9/site-packages/choreographer/cli/browser_exe/chrome-linux64/chrome
17:03:12 - Temp directory created: /tmp/tmp1kzkk3ss.
17:03:12 - Opening browser.
17:03:12 - Temp directory created: /tmp/tmpdg1z1zcr.
17:03:12 - Temporary directory at: /tmp/tmpdg1z1zcr
17:03:16 - Closing browser.
17:03:16 - Closing browser.
17:03:16 - TemporaryDirectory.cleanup() worked.
17:03:16 - shutil.rmtree worked.
17:03:16 - TemporaryDirectory.cleanup() worked.
17:03:16 - shutil.rmtree worked.
17:03:16 - TemporaryDirectory.cleanup() worked.
17:03:16 - shutil.rmtree worked.
17:03:16 - ✅ Saved high-res static PNGs for Substack export.
17:03:16 - Saved AQI_Unified.html and standalone AQI_3d_physics_model.html
17:03:16 - Generating Two-Tiered Substack Briefing (Free vs Paid)...
17:03:39 - ✅ Substack Draft generated: /home/andrew/.ssh/Trading/AQI_Genesis/Substack_Draft_20260913.md
17:03:39 - 💾 Pushing live data matrix to SaaS Database (Streamlit backend)...
17:03:39 - TemporaryDirectory.cleanup() worked.
17:03:39 - shutil.rmtree worked.
17:03:39 - TemporaryDirectory.cleanup() worked.
17:03:39 - shutil.rmtree worked.
17:03:39 - TemporaryDirectory.cleanup() worked.
17:03:39 - shutil.rmtree worked.
17:03:39 - ✅ SaaS Database updated. The AQI Genesis Streamlit Terminal is now live.
17:04:00 - ✅ Briefing Sent Successfully.
