/home/andrew/miniconda3/envs/tf_noavx/lib/python3.9/site-packages/bs4/css.py:40: UserWarning: The soupsieve package is not installed. CSS selectors cannot be used.
  warnings.warn(
17:00:07 - --- Starting Grand Unified Data Ingestion ---
17:00:07 - Fetching Physics Engine Inputs (Job Losers, Income, Hours)...
17:00:38 - Fetching US Core Macro...
17:00:50 - ❌ FRED API Failed (None). Attempting to load from local cache...
17:00:50 - ♻️ Loading data from local cache.
17:00:50 - Initializing Continuous Cole Pulse Physics Engine...
17:00:50 - Running Multivariate LSTM Forecast (CPU Execution)...
17:00:51 - Loaded cached LSTM weights.
17:00:54 - Generating Grand Unified Dashboard (Macro + Physics + 3D)...
17:01:02 - Chromium init'ed with kwargs {}
17:01:02 - Found chromium path: /home/andrew/miniconda3/envs/tf_noavx/lib/python3.9/site-packages/choreographer/cli/browser_exe/chrome-linux64/chrome
17:01:02 - Temp directory created: /tmp/tmpcrc2w2lh.
17:01:02 - Opening browser.
17:01:02 - Temp directory created: /tmp/tmpc0j91e3a.
17:01:02 - Temporary directory at: /tmp/tmpc0j91e3a
17:01:06 - Closing browser.
17:01:06 - Closing browser.
17:01:06 - TemporaryDirectory.cleanup() worked.
17:01:06 - shutil.rmtree worked.
17:01:06 - TemporaryDirectory.cleanup() worked.
17:01:06 - shutil.rmtree worked.
17:01:06 - TemporaryDirectory.cleanup() worked.
17:01:06 - shutil.rmtree worked.
17:01:06 - Chromium init'ed with kwargs {}
17:01:06 - Found chromium path: /home/andrew/miniconda3/envs/tf_noavx/lib/python3.9/site-packages/choreographer/cli/browser_exe/chrome-linux64/chrome
17:01:06 - Temp directory created: /tmp/tmp_c0pwg16.
17:01:06 - Opening browser.
17:01:06 - Temp directory created: /tmp/tmpmjop8_xw.
17:01:06 - Temporary directory at: /tmp/tmpmjop8_xw
17:01:12 - Closing browser.
17:01:12 - Closing browser.
17:01:12 - TemporaryDirectory.cleanup() worked.
17:01:12 - shutil.rmtree worked.
17:01:12 - TemporaryDirectory.cleanup() worked.
17:01:12 - shutil.rmtree worked.
17:01:12 - TemporaryDirectory.cleanup() worked.
17:01:12 - shutil.rmtree worked.
17:01:12 - Chromium init'ed with kwargs {}
17:01:12 - Found chromium path: /home/andrew/miniconda3/envs/tf_noavx/lib/python3.9/site-packages/choreographer/cli/browser_exe/chrome-linux64/chrome
17:01:12 - Temp directory created: /tmp/tmpla8cuumv.
17:01:12 - Opening browser.
17:01:12 - Temp directory created: /tmp/tmp8meqbltv.
17:01:12 - Temporary directory at: /tmp/tmp8meqbltv
17:01:17 - Closing browser.
17:01:17 - Closing browser.
17:01:17 - TemporaryDirectory.cleanup() worked.
17:01:17 - shutil.rmtree worked.
17:01:17 - TemporaryDirectory.cleanup() worked.
17:01:17 - shutil.rmtree worked.
17:01:17 - TemporaryDirectory.cleanup() worked.
17:01:17 - shutil.rmtree worked.
17:01:17 - ✅ Saved high-res static PNGs for Substack export.
17:01:18 - Saved AQI_Unified.html and standalone AQI_3d_physics_model.html
17:01:18 - Generating Two-Tiered Substack Briefing (Free vs Paid)...
17:01:41 - ✅ Substack Draft generated: /home/andrew/.ssh/Trading/AQI_Genesis/Substack_Draft_20260929.md
17:01:41 - 💾 Pushing live data matrix to SaaS Database (Streamlit backend)...
17:01:41 - TemporaryDirectory.cleanup() worked.
17:01:41 - shutil.rmtree worked.
17:01:41 - TemporaryDirectory.cleanup() worked.
17:01:41 - shutil.rmtree worked.
17:01:41 - TemporaryDirectory.cleanup() worked.
17:01:41 - shutil.rmtree worked.
17:01:41 - ✅ SaaS Database updated. The AQI Genesis Streamlit Terminal is now live.
17:01:56 - ✅ Briefing Sent Successfully.
