/home/andrew/miniconda3/envs/tf_noavx/lib/python3.9/site-packages/bs4/css.py:40: UserWarning: The soupsieve package is not installed. CSS selectors cannot be used.
  warnings.warn(
17:00:09 - --- Starting Grand Unified Data Ingestion ---
17:00:09 - Fetching Physics Engine Inputs (Job Losers, Income, Hours)...
17:00:25 - Fetching US Core Macro...
17:00:50 - Fetching Global Policy Inputs...
17:01:31 - Fetching Market Internals...
17:02:07 - 💾 Saved fresh data to local cache.
17:02:07 - Initializing Continuous Cole Pulse Physics Engine...
17:02:07 - Running Multivariate LSTM Forecast (CPU Execution)...
17:02:08 - Loaded cached LSTM weights.
17:02:10 - Generating Grand Unified Dashboard (Macro + Physics + 3D)...
17:02:16 - Chromium init'ed with kwargs {}
17:02:16 - Found chromium path: /home/andrew/miniconda3/envs/tf_noavx/lib/python3.9/site-packages/choreographer/cli/browser_exe/chrome-linux64/chrome
17:02:16 - Temp directory created: /tmp/tmppj5st409.
17:02:16 - Opening browser.
17:02:16 - Temp directory created: /tmp/tmpazwr2g1s.
17:02:16 - Temporary directory at: /tmp/tmpazwr2g1s
17:02:19 - Closing browser.
17:02:19 - Closing browser.
17:02:19 - TemporaryDirectory.cleanup() worked.
17:02:19 - shutil.rmtree worked.
17:02:20 - TemporaryDirectory.cleanup() worked.
17:02:20 - shutil.rmtree worked.
17:02:20 - TemporaryDirectory.cleanup() worked.
17:02:20 - shutil.rmtree worked.
17:02:20 - Chromium init'ed with kwargs {}
17:02:20 - Found chromium path: /home/andrew/miniconda3/envs/tf_noavx/lib/python3.9/site-packages/choreographer/cli/browser_exe/chrome-linux64/chrome
17:02:20 - Temp directory created: /tmp/tmpf951o6i0.
17:02:20 - Opening browser.
17:02:20 - Temp directory created: /tmp/tmpsn19v5ds.
17:02:20 - Temporary directory at: /tmp/tmpsn19v5ds
17:02:25 - Closing browser.
17:02:25 - Closing browser.
17:02:25 - TemporaryDirectory.cleanup() worked.
17:02:25 - shutil.rmtree worked.
17:02:25 - TemporaryDirectory.cleanup() worked.
17:02:25 - shutil.rmtree worked.
17:02:25 - TemporaryDirectory.cleanup() worked.
17:02:25 - shutil.rmtree worked.
17:02:25 - Chromium init'ed with kwargs {}
17:02:25 - Found chromium path: /home/andrew/miniconda3/envs/tf_noavx/lib/python3.9/site-packages/choreographer/cli/browser_exe/chrome-linux64/chrome
17:02:25 - Temp directory created: /tmp/tmpwsjs4m_v.
17:02:25 - Opening browser.
17:02:25 - Temp directory created: /tmp/tmprn4bsy98.
17:02:25 - Temporary directory at: /tmp/tmprn4bsy98
17:02:30 - Closing browser.
17:02:30 - Closing browser.
17:02:30 - TemporaryDirectory.cleanup() worked.
17:02:30 - shutil.rmtree worked.
17:02:31 - TemporaryDirectory.cleanup() worked.
17:02:31 - shutil.rmtree worked.
17:02:31 - TemporaryDirectory.cleanup() worked.
17:02:31 - shutil.rmtree worked.
17:02:31 - ✅ Saved high-res static PNGs for Substack export.
17:02:31 - Saved AQI_Unified.html and standalone AQI_3d_physics_model.html
17:02:31 - Generating Two-Tiered Substack Briefing (Free vs Paid)...
17:02:31 - TemporaryDirectory.cleanup() worked.
17:02:31 - shutil.rmtree worked.
17:02:31 - TemporaryDirectory.cleanup() worked.
17:02:31 - shutil.rmtree worked.
17:02:31 - TemporaryDirectory.cleanup() worked.
17:02:31 - shutil.rmtree worked.
17:02:52 - ✅ Substack Draft generated: /home/andrew/.ssh/Trading/AQI_Genesis/Substack_Draft_20261004.md
17:02:52 - 💾 Pushing live data matrix to SaaS Database (Streamlit backend)...
17:02:53 - ✅ SaaS Database updated. The AQI Genesis Streamlit Terminal is now live.
17:03:06 - ✅ Briefing Sent Successfully.
