/home/andrew/miniconda3/envs/tf_noavx/lib/python3.9/site-packages/bs4/css.py:40: UserWarning: The soupsieve package is not installed. CSS selectors cannot be used.
  warnings.warn(
17:00:07 - --- Starting Grand Unified Data Ingestion ---
17:00:07 - Fetching Physics Engine Inputs (Job Losers, Income, Hours)...
17:00:29 - Fetching US Core Macro...
17:01:01 - ❌ FRED API Failed (Internal Server Error). Attempting to load from local cache...
17:01:01 - ♻️ Loading data from local cache.
17:01:01 - Initializing Continuous Cole Pulse Physics Engine...
17:01:01 - Running Multivariate LSTM Forecast (CPU Execution)...
17:01:02 - Loaded cached LSTM weights.
17:01:03 - Generating Grand Unified Dashboard (Macro + Physics + 3D)...
17:01:10 - Chromium init'ed with kwargs {}
17:01:10 - Found chromium path: /home/andrew/miniconda3/envs/tf_noavx/lib/python3.9/site-packages/choreographer/cli/browser_exe/chrome-linux64/chrome
17:01:10 - Temp directory created: /tmp/tmpnsz4q2em.
17:01:10 - Opening browser.
17:01:10 - Temp directory created: /tmp/tmpibwhwy89.
17:01:10 - Temporary directory at: /tmp/tmpibwhwy89
17:01:13 - Closing browser.
17:01:13 - Closing browser.
17:01:13 - TemporaryDirectory.cleanup() worked.
17:01:13 - shutil.rmtree worked.
17:01:13 - TemporaryDirectory.cleanup() worked.
17:01:13 - shutil.rmtree worked.
17:01:13 - TemporaryDirectory.cleanup() worked.
17:01:13 - shutil.rmtree worked.
17:01:13 - Chromium init'ed with kwargs {}
17:01:13 - Found chromium path: /home/andrew/miniconda3/envs/tf_noavx/lib/python3.9/site-packages/choreographer/cli/browser_exe/chrome-linux64/chrome
17:01:13 - Temp directory created: /tmp/tmpcq3g8xxr.
17:01:13 - Opening browser.
17:01:13 - Temp directory created: /tmp/tmp233gk44b.
17:01:13 - Temporary directory at: /tmp/tmp233gk44b
17:01:17 - Closing browser.
17:01:17 - Closing browser.
17:01:17 - TemporaryDirectory.cleanup() worked.
17:01:17 - shutil.rmtree worked.
17:01:17 - TemporaryDirectory.cleanup() worked.
17:01:17 - shutil.rmtree worked.
17:01:17 - TemporaryDirectory.cleanup() worked.
17:01:17 - shutil.rmtree worked.
17:01:17 - Chromium init'ed with kwargs {}
17:01:17 - Found chromium path: /home/andrew/miniconda3/envs/tf_noavx/lib/python3.9/site-packages/choreographer/cli/browser_exe/chrome-linux64/chrome
17:01:17 - Temp directory created: /tmp/tmp1s1ot3io.
17:01:17 - Opening browser.
17:01:17 - Temp directory created: /tmp/tmp0nbeasp7.
17:01:17 - Temporary directory at: /tmp/tmp0nbeasp7
17:01:21 - Closing browser.
17:01:21 - Closing browser.
17:01:21 - TemporaryDirectory.cleanup() worked.
17:01:21 - shutil.rmtree worked.
17:01:21 - TemporaryDirectory.cleanup() worked.
17:01:21 - shutil.rmtree worked.
17:01:21 - TemporaryDirectory.cleanup() worked.
17:01:21 - shutil.rmtree worked.
17:01:21 - ✅ Saved high-res static PNGs for Substack export.
17:01:21 - Saved AQI_Unified.html and standalone AQI_3d_physics_model.html
17:01:21 - Generating Two-Tiered Substack Briefing (Free vs Paid)...
17:01:40 - ✅ Substack Draft generated: /home/andrew/.ssh/Trading/AQI_Genesis/Substack_Draft_20261008.md
17:01:40 - 💾 Pushing live data matrix to SaaS Database (Streamlit backend)...
17:01:40 - ✅ SaaS Database updated. The AQI Genesis Streamlit Terminal is now live.
17:01:58 - ✅ Briefing Sent Successfully.
17:01:58 - TemporaryDirectory.cleanup() worked.
17:01:58 - shutil.rmtree worked.
17:01:58 - TemporaryDirectory.cleanup() worked.
17:01:58 - shutil.rmtree worked.
17:01:58 - TemporaryDirectory.cleanup() worked.
17:01:58 - shutil.rmtree worked.
