/home/andrew/miniconda3/envs/tf_noavx/lib/python3.9/site-packages/bs4/css.py:40: UserWarning: The soupsieve package is not installed. CSS selectors cannot be used.
  warnings.warn(
17:00:07 - --- Starting Grand Unified Data Ingestion ---
17:00:07 - Fetching Physics Engine Inputs (Job Losers, Income, Hours)...
17:00:32 - Fetching US Core Macro...
17:01:44 - Fetching Global Policy Inputs...
17:02:42 - Fetching Market Internals...
17:03:20 - 💾 Saved fresh data to local cache.
17:03:20 - Initializing Continuous Cole Pulse Physics Engine...
17:03:20 - Running Multivariate LSTM Forecast (CPU Execution)...
17:03:20 - Loaded cached LSTM weights.
17:03:22 - Generating Grand Unified Dashboard (Macro + Physics + 3D)...
17:03:29 - Chromium init'ed with kwargs {}
17:03:29 - Found chromium path: /home/andrew/miniconda3/envs/tf_noavx/lib/python3.9/site-packages/choreographer/cli/browser_exe/chrome-linux64/chrome
17:03:29 - Temp directory created: /tmp/tmpar0kjewh.
17:03:29 - Opening browser.
17:03:29 - Temp directory created: /tmp/tmp_irv36w_.
17:03:29 - Temporary directory at: /tmp/tmp_irv36w_
17:03:32 - Closing browser.
17:03:32 - Closing browser.
17:03:32 - TemporaryDirectory.cleanup() worked.
17:03:32 - shutil.rmtree worked.
17:03:32 - TemporaryDirectory.cleanup() worked.
17:03:32 - shutil.rmtree worked.
17:03:32 - TemporaryDirectory.cleanup() worked.
17:03:32 - shutil.rmtree worked.
17:03:32 - Chromium init'ed with kwargs {}
17:03:32 - Found chromium path: /home/andrew/miniconda3/envs/tf_noavx/lib/python3.9/site-packages/choreographer/cli/browser_exe/chrome-linux64/chrome
17:03:32 - Temp directory created: /tmp/tmp2i2i4_ya.
17:03:32 - Opening browser.
17:03:32 - Temp directory created: /tmp/tmp6syp_sym.
17:03:32 - Temporary directory at: /tmp/tmp6syp_sym
17:03:36 - Closing browser.
17:03:36 - Closing browser.
17:03:36 - TemporaryDirectory.cleanup() worked.
17:03:36 - shutil.rmtree worked.
17:03:37 - TemporaryDirectory.cleanup() worked.
17:03:37 - shutil.rmtree worked.
17:03:37 - TemporaryDirectory.cleanup() worked.
17:03:37 - shutil.rmtree worked.
17:03:37 - Chromium init'ed with kwargs {}
17:03:37 - Found chromium path: /home/andrew/miniconda3/envs/tf_noavx/lib/python3.9/site-packages/choreographer/cli/browser_exe/chrome-linux64/chrome
17:03:37 - Temp directory created: /tmp/tmp1q7psw15.
17:03:37 - Opening browser.
17:03:37 - Temp directory created: /tmp/tmpox_t5rx1.
17:03:37 - Temporary directory at: /tmp/tmpox_t5rx1
17:03:41 - Closing browser.
17:03:41 - Closing browser.
17:03:41 - TemporaryDirectory.cleanup() worked.
17:03:41 - shutil.rmtree worked.
17:03:41 - TemporaryDirectory.cleanup() worked.
17:03:41 - shutil.rmtree worked.
17:03:41 - TemporaryDirectory.cleanup() worked.
17:03:41 - shutil.rmtree worked.
17:03:41 - ✅ Saved high-res static PNGs for Substack export.
17:03:41 - Saved AQI_Unified.html and standalone AQI_3d_physics_model.html
17:03:41 - Generating Two-Tiered Substack Briefing (Free vs Paid)...
17:04:03 - ✅ Substack Draft generated: /home/andrew/.ssh/Trading/AQI_Genesis/Substack_Draft_20260902.md
17:04:03 - 💾 Pushing live data matrix to SaaS Database (Streamlit backend)...
17:04:03 - TemporaryDirectory.cleanup() worked.
17:04:03 - shutil.rmtree worked.
17:04:03 - TemporaryDirectory.cleanup() worked.
17:04:03 - shutil.rmtree worked.
17:04:03 - TemporaryDirectory.cleanup() worked.
17:04:03 - shutil.rmtree worked.
17:04:03 - ✅ SaaS Database updated. The AQI Genesis Streamlit Terminal is now live.
17:04:23 - ✅ Briefing Sent Successfully.
