/home/andrew/miniconda3/envs/tf_noavx/lib/python3.9/site-packages/bs4/css.py:40: UserWarning: The soupsieve package is not installed. CSS selectors cannot be used.
  warnings.warn(
17:00:07 - --- Starting Grand Unified Data Ingestion ---
17:00:07 - Fetching Physics Engine Inputs (Job Losers, Income, Hours)...
17:00:21 - ❌ FRED API Failed (None). Attempting to load from local cache...
17:00:21 - ♻️ Loading data from local cache.
17:00:21 - Initializing Continuous Cole Pulse Physics Engine...
17:00:21 - Running Multivariate LSTM Forecast (CPU Execution)...
17:00:22 - Loaded cached LSTM weights.
17:00:23 - Generating Grand Unified Dashboard (Macro + Physics + 3D)...
17:00:30 - Chromium init'ed with kwargs {}
17:00:30 - Found chromium path: /home/andrew/miniconda3/envs/tf_noavx/lib/python3.9/site-packages/choreographer/cli/browser_exe/chrome-linux64/chrome
17:00:30 - Temp directory created: /tmp/tmp_okqp83k.
17:00:30 - Opening browser.
17:00:30 - Temp directory created: /tmp/tmpd98036ev.
17:00:30 - Temporary directory at: /tmp/tmpd98036ev
17:00:33 - Closing browser.
17:00:33 - Closing browser.
17:00:33 - TemporaryDirectory.cleanup() worked.
17:00:33 - shutil.rmtree worked.
17:00:33 - TemporaryDirectory.cleanup() worked.
17:00:33 - shutil.rmtree worked.
17:00:33 - TemporaryDirectory.cleanup() worked.
17:00:33 - shutil.rmtree worked.
17:00:33 - Chromium init'ed with kwargs {}
17:00:33 - Found chromium path: /home/andrew/miniconda3/envs/tf_noavx/lib/python3.9/site-packages/choreographer/cli/browser_exe/chrome-linux64/chrome
17:00:33 - Temp directory created: /tmp/tmptflrl3lu.
17:00:33 - Opening browser.
17:00:33 - Temp directory created: /tmp/tmpbcj0385k.
17:00:33 - Temporary directory at: /tmp/tmpbcj0385k
17:00:37 - Closing browser.
17:00:37 - Closing browser.
17:00:37 - TemporaryDirectory.cleanup() worked.
17:00:37 - shutil.rmtree worked.
17:00:37 - TemporaryDirectory.cleanup() worked.
17:00:37 - shutil.rmtree worked.
17:00:37 - TemporaryDirectory.cleanup() worked.
17:00:37 - shutil.rmtree worked.
17:00:37 - Chromium init'ed with kwargs {}
17:00:37 - Found chromium path: /home/andrew/miniconda3/envs/tf_noavx/lib/python3.9/site-packages/choreographer/cli/browser_exe/chrome-linux64/chrome
17:00:37 - Temp directory created: /tmp/tmpmlvo8m5g.
17:00:37 - Opening browser.
17:00:37 - Temp directory created: /tmp/tmpyre3nccg.
17:00:37 - Temporary directory at: /tmp/tmpyre3nccg
17:00:41 - Closing browser.
17:00:41 - Closing browser.
17:00:41 - TemporaryDirectory.cleanup() worked.
17:00:41 - shutil.rmtree worked.
17:00:41 - TemporaryDirectory.cleanup() worked.
17:00:41 - shutil.rmtree worked.
17:00:41 - TemporaryDirectory.cleanup() worked.
17:00:41 - shutil.rmtree worked.
17:00:41 - ✅ Saved high-res static PNGs for Substack export.
17:00:42 - Saved AQI_Unified.html and standalone AQI_3d_physics_model.html
17:00:42 - Generating Two-Tiered Substack Briefing (Free vs Paid)...
17:00:42 - TemporaryDirectory.cleanup() worked.
17:00:42 - shutil.rmtree worked.
17:00:42 - TemporaryDirectory.cleanup() worked.
17:00:42 - shutil.rmtree worked.
17:00:42 - TemporaryDirectory.cleanup() worked.
17:00:42 - shutil.rmtree worked.
17:01:02 - ✅ Substack Draft generated: /home/andrew/.ssh/Trading/AQI_Genesis/Substack_Draft_20260823.md
17:01:02 - 💾 Pushing live data matrix to SaaS Database (Streamlit backend)...
17:01:02 - ✅ SaaS Database updated. The AQI Genesis Streamlit Terminal is now live.
17:01:21 - ✅ Briefing Sent Successfully.
