/home/andrew/miniconda3/envs/tf_noavx/lib/python3.9/site-packages/bs4/css.py:40: UserWarning: The soupsieve package is not installed. CSS selectors cannot be used.
  warnings.warn(
17:00:07 - --- Starting Grand Unified Data Ingestion ---
17:00:07 - Fetching Physics Engine Inputs (Job Losers, Income, Hours)...
17:00:31 - Fetching US Core Macro...
17:01:31 - Fetching Global Policy Inputs...
17:02:49 - Fetching Market Internals...
17:03:25 - 💾 Saved fresh data to local cache.
17:03:25 - Initializing Continuous Cole Pulse Physics Engine...
17:03:25 - Running Multivariate LSTM Forecast (CPU Execution)...
17:03:26 - Loaded cached LSTM weights.
17:03:28 - Generating Grand Unified Dashboard (Macro + Physics + 3D)...
17:03:34 - Chromium init'ed with kwargs {}
17:03:34 - Found chromium path: /home/andrew/miniconda3/envs/tf_noavx/lib/python3.9/site-packages/choreographer/cli/browser_exe/chrome-linux64/chrome
17:03:34 - Temp directory created: /tmp/tmpix81qhn0.
17:03:34 - Opening browser.
17:03:34 - Temp directory created: /tmp/tmpcyz3kufn.
17:03:34 - Temporary directory at: /tmp/tmpcyz3kufn
17:03:38 - Closing browser.
17:03:38 - Closing browser.
17:03:38 - TemporaryDirectory.cleanup() worked.
17:03:38 - shutil.rmtree worked.
17:03:38 - TemporaryDirectory.cleanup() worked.
17:03:38 - shutil.rmtree worked.
17:03:38 - TemporaryDirectory.cleanup() worked.
17:03:38 - shutil.rmtree worked.
17:03:38 - Chromium init'ed with kwargs {}
17:03:38 - Found chromium path: /home/andrew/miniconda3/envs/tf_noavx/lib/python3.9/site-packages/choreographer/cli/browser_exe/chrome-linux64/chrome
17:03:38 - Temp directory created: /tmp/tmpupklpcmh.
17:03:38 - Opening browser.
17:03:38 - Temp directory created: /tmp/tmpcxe30gyw.
17:03:38 - Temporary directory at: /tmp/tmpcxe30gyw
17:03:42 - Closing browser.
17:03:42 - Closing browser.
17:03:42 - TemporaryDirectory.cleanup() worked.
17:03:42 - shutil.rmtree worked.
17:03:42 - TemporaryDirectory.cleanup() worked.
17:03:42 - shutil.rmtree worked.
17:03:42 - TemporaryDirectory.cleanup() worked.
17:03:42 - shutil.rmtree worked.
17:03:42 - Chromium init'ed with kwargs {}
17:03:42 - Found chromium path: /home/andrew/miniconda3/envs/tf_noavx/lib/python3.9/site-packages/choreographer/cli/browser_exe/chrome-linux64/chrome
17:03:42 - Temp directory created: /tmp/tmpskk0poh_.
17:03:42 - Opening browser.
17:03:42 - Temp directory created: /tmp/tmp5dyu7mql.
17:03:42 - Temporary directory at: /tmp/tmp5dyu7mql
17:03:46 - Closing browser.
17:03:46 - Closing browser.
17:03:46 - TemporaryDirectory.cleanup() worked.
17:03:46 - shutil.rmtree worked.
17:03:46 - TemporaryDirectory.cleanup() worked.
17:03:46 - shutil.rmtree worked.
17:03:46 - TemporaryDirectory.cleanup() worked.
17:03:46 - shutil.rmtree worked.
17:03:46 - ✅ Saved high-res static PNGs for Substack export.
17:03:47 - Saved AQI_Unified.html and standalone AQI_3d_physics_model.html
17:03:47 - Generating Two-Tiered Substack Briefing (Free vs Paid)...
17:04:07 - ✅ Substack Draft generated: /home/andrew/.ssh/Trading/AQI_Genesis/Substack_Draft_20260831.md
17:04:07 - 💾 Pushing live data matrix to SaaS Database (Streamlit backend)...
17:04:07 - TemporaryDirectory.cleanup() worked.
17:04:07 - shutil.rmtree worked.
17:04:07 - TemporaryDirectory.cleanup() worked.
17:04:07 - shutil.rmtree worked.
17:04:07 - TemporaryDirectory.cleanup() worked.
17:04:07 - shutil.rmtree worked.
17:04:07 - ✅ SaaS Database updated. The AQI Genesis Streamlit Terminal is now live.
17:04:26 - ✅ Briefing Sent Successfully.
