/home/andrew/miniconda3/envs/tf_noavx/lib/python3.9/site-packages/bs4/css.py:40: UserWarning: The soupsieve package is not installed. CSS selectors cannot be used.
  warnings.warn(
17:00:08 - --- Starting Grand Unified Data Ingestion ---
17:00:08 - Fetching Physics Engine Inputs (Job Losers, Income, Hours)...
17:00:25 - Fetching US Core Macro...
17:01:08 - Fetching Global Policy Inputs...
17:01:47 - Fetching Market Internals...
17:02:26 - 💾 Saved fresh data to local cache.
17:02:26 - Initializing Continuous Cole Pulse Physics Engine...
17:02:26 - Running Multivariate LSTM Forecast (CPU Execution)...
17:02:26 - Loaded cached LSTM weights.
17:02:28 - Generating Grand Unified Dashboard (Macro + Physics + 3D)...
17:02:34 - Chromium init'ed with kwargs {}
17:02:34 - Found chromium path: /home/andrew/miniconda3/envs/tf_noavx/lib/python3.9/site-packages/choreographer/cli/browser_exe/chrome-linux64/chrome
17:02:34 - Temp directory created: /tmp/tmp8_2iyd_8.
17:02:34 - Opening browser.
17:02:34 - Temp directory created: /tmp/tmpx6_y1mi4.
17:02:34 - Temporary directory at: /tmp/tmpx6_y1mi4
17:02:37 - Closing browser.
17:02:37 - Closing browser.
17:02:37 - TemporaryDirectory.cleanup() worked.
17:02:37 - shutil.rmtree worked.
17:02:37 - TemporaryDirectory.cleanup() worked.
17:02:37 - shutil.rmtree worked.
17:02:37 - TemporaryDirectory.cleanup() worked.
17:02:37 - shutil.rmtree worked.
17:02:38 - Chromium init'ed with kwargs {}
17:02:38 - Found chromium path: /home/andrew/miniconda3/envs/tf_noavx/lib/python3.9/site-packages/choreographer/cli/browser_exe/chrome-linux64/chrome
17:02:38 - Temp directory created: /tmp/tmpjp58y1g9.
17:02:38 - Opening browser.
17:02:38 - Temp directory created: /tmp/tmpu4_97r1q.
17:02:38 - Temporary directory at: /tmp/tmpu4_97r1q
17:02:41 - Closing browser.
17:02:41 - Closing browser.
17:02:41 - TemporaryDirectory.cleanup() worked.
17:02:41 - shutil.rmtree worked.
17:02:42 - TemporaryDirectory.cleanup() worked.
17:02:42 - shutil.rmtree worked.
17:02:42 - TemporaryDirectory.cleanup() worked.
17:02:42 - shutil.rmtree worked.
17:02:42 - Chromium init'ed with kwargs {}
17:02:42 - Found chromium path: /home/andrew/miniconda3/envs/tf_noavx/lib/python3.9/site-packages/choreographer/cli/browser_exe/chrome-linux64/chrome
17:02:42 - Temp directory created: /tmp/tmpaptiozw1.
17:02:42 - Opening browser.
17:02:42 - Temp directory created: /tmp/tmp0a1ntrxo.
17:02:42 - Temporary directory at: /tmp/tmp0a1ntrxo
17:02:42 - TemporaryDirectory.cleanup() worked.
17:02:42 - shutil.rmtree worked.
17:02:42 - TemporaryDirectory.cleanup() worked.
17:02:42 - shutil.rmtree worked.
17:02:46 - Closing browser.
17:02:46 - Closing browser.
17:02:46 - TemporaryDirectory.cleanup() worked.
17:02:46 - shutil.rmtree worked.
17:02:46 - TemporaryDirectory.cleanup() worked.
17:02:46 - shutil.rmtree worked.
17:02:46 - TemporaryDirectory.cleanup() worked.
17:02:46 - shutil.rmtree worked.
17:02:46 - ✅ Saved high-res static PNGs for Substack export.
17:02:46 - Saved AQI_Unified.html and standalone AQI_3d_physics_model.html
17:02:46 - Generating Two-Tiered Substack Briefing (Free vs Paid)...
17:03:08 - ✅ Substack Draft generated: /home/andrew/.ssh/Trading/AQI_Genesis/Substack_Draft_20261009.md
17:03:08 - 💾 Pushing live data matrix to SaaS Database (Streamlit backend)...
17:03:08 - ✅ SaaS Database updated. The AQI Genesis Streamlit Terminal is now live.
17:03:25 - ✅ Briefing Sent Successfully.
17:03:26 - TemporaryDirectory.cleanup() worked.
17:03:26 - shutil.rmtree worked.
